[0.817s] Invoking command in '/home/ema/SESAR/ros2_ws/build/turtlebot3_gazebo': CMAKE_PREFIX_PATH=${CMAKE_PREFIX_PATH}:/home/ema/SESAR/ros2_ws/install/turtlebot3_perception:/home/ema/SESAR/ros2_ws/install/my_package:/home/ema/SESAR/ros2_ws/install/lab04_pkg:/home/ema/SESAR/ros2_ws/install/lab03_pkg:/home/ema/SESAR/ros2_ws/install/lab02_pkg:/home/ema/SESAR/ros2_ws/install/lab01_pkg:/opt/ros/humble /usr/bin/cmake /home/ema/SESAR/ros2_ws/src/turtlebot3_simulations/turtlebot3_gazebo -DCMAKE_INSTALL_PREFIX=/home/ema/SESAR/ros2_ws/install/turtlebot3_gazebo
[1.010s] -- The C compiler identification is GNU 11.4.0
[1.631s] -- The CXX compiler identification is GNU 11.4.0
[2.389s] -- Detecting C compiler ABI info
[2.611s] -- Detecting C compiler ABI info - done
[2.618s] -- Check for working C compiler: /usr/bin/cc - skipped
[2.618s] -- Detecting C compile features
[2.618s] -- Detecting C compile features - done
[2.622s] -- Detecting CXX compiler ABI info
[2.880s] -- Detecting CXX compiler ABI info - done
[2.886s] -- Check for working CXX compiler: /usr/bin/c++ - skipped
[2.886s] -- Detecting CXX compile features
[2.886s] -- Detecting CXX compile features - done
[2.889s] -- Found ament_cmake: 1.3.12 (/opt/ros/humble/share/ament_cmake/cmake)
[3.051s] -- Found Python3: /usr/bin/python3 (found version "3.10.12") found components: Interpreter 
[3.145s] [33mCMake Warning (dev) at /usr/share/cmake-3.22/Modules/FindPackageHandleStandardArgs.cmake:438 (message):
[3.146s]   The package name passed to `find_package_handle_standard_args` (PkgConfig)
[3.146s]   does not match the name of the calling package (gazebo).  This can lead to
[3.146s]   problems in calling code that expects `find_package` result variables
[3.146s]   (e.g., `_FOUND`) to follow a certain pattern.
[3.146s] Call Stack (most recent call first):
[3.146s]   /usr/share/cmake-3.22/Modules/FindPkgConfig.cmake:99 (find_package_handle_standard_args)
[3.146s]   /usr/lib/x86_64-linux-gnu/cmake/gazebo/gazebo-config.cmake:72 (include)
[3.146s]   CMakeLists.txt:23 (find_package)
[3.146s] This warning is for project developers.  Use -Wno-dev to suppress it.
[3.146s] [0m
[3.146s] -- Found PkgConfig: /usr/bin/pkg-config (found version "0.29.2") 
[3.148s] -- Checking for module 'bullet>=2.82'
[3.162s] --   Found bullet, version 3.05
[3.361s] -- Found fcl: /usr/include (found suitable version "0.7.0", minimum required is "0.5.0") 
[3.410s] -- Found assimp: /usr/include (found version "5.2.0") 
[3.438s] -- Found DART: /usr/include (Required is at least version "6.6") found components: dart 
[3.924s] -- Found Boost: /usr/lib/x86_64-linux-gnu/cmake/Boost-1.74.0/BoostConfig.cmake (found suitable version "1.74.0", minimum required is "1.40.0") found components: thread system filesystem program_options regex iostreams date_time 
[4.884s] -- Found Protobuf: /usr/lib/x86_64-linux-gnu/libprotobuf.so (found version "3.12.4") 
[4.894s] -- Looking for ignition-math6 -- found version 6.15.1
[4.908s] -- Searching for dependencies of ignition-math6
[4.912s] -- Looking for OGRE...
[4.912s] -- OGRE_PREFIX_WATCH changed.
[4.918s] -- Checking for module 'OGRE'
[4.935s] --   Found OGRE, version 1.9.0
[4.978s] -- Found Ogre Ghadamon (1.9.0)
[6.029s] -- Found OGRE: optimized;/usr/lib/x86_64-linux-gnu/libOgreMain.so;debug;/usr/lib/x86_64-linux-gnu/libOgreMain.so
[6.037s] -- Looking for OGRE_Paging...
[6.804s] -- Found OGRE_Paging: optimized;/usr/lib/x86_64-linux-gnu/libOgrePaging.so;debug;/usr/lib/x86_64-linux-gnu/libOgrePaging.so
[6.805s] -- Looking for OGRE_Terrain...
[7.545s] -- Found OGRE_Terrain: optimized;/usr/lib/x86_64-linux-gnu/libOgreTerrain.so;debug;/usr/lib/x86_64-linux-gnu/libOgreTerrain.so
[7.545s] -- Looking for OGRE_Property...
[8.386s] -- Found OGRE_Property: optimized;/usr/lib/x86_64-linux-gnu/libOgreProperty.so;debug;/usr/lib/x86_64-linux-gnu/libOgreProperty.so
[8.386s] -- Looking for OGRE_RTShaderSystem...
[9.130s] -- Found OGRE_RTShaderSystem: optimized;/usr/lib/x86_64-linux-gnu/libOgreRTShaderSystem.so;debug;/usr/lib/x86_64-linux-gnu/libOgreRTShaderSystem.so
[9.130s] -- Looking for OGRE_Volume...
[9.843s] -- Found OGRE_Volume: optimized;/usr/lib/x86_64-linux-gnu/libOgreVolume.so;debug;/usr/lib/x86_64-linux-gnu/libOgreVolume.so
[9.843s] -- Looking for OGRE_Overlay...
[10.674s] -- Found OGRE_Overlay: optimized;/usr/lib/x86_64-linux-gnu/libOgreOverlay.so;debug;/usr/lib/x86_64-linux-gnu/libOgreOverlay.so
[51.737s] -- Looking for ignition-math6 -- found version 6.15.1
[51.742s] -- Looking for ignition-transport8 -- found version 8.2.1
[51.743s] -- Searching for dependencies of ignition-transport8
[54.522s] -- Found Protobuf: /usr/lib/x86_64-linux-gnu/libprotobuf.so (found suitable version "3.12.4", minimum required is "3") 
[56.683s] -- Config-file not installed for ZeroMQ -- checking for pkg-config
[56.687s] -- Checking for module 'libzmq >= 4'
[56.703s] --   Found libzmq , version 4.3.4
[56.732s] -- Found ZeroMQ: TRUE (Required is at least version "4") 
[56.791s] -- Checking for module 'uuid'
[56.801s] --   Found uuid, version 2.37.2
[56.826s] -- Found UUID: TRUE  
[56.830s] -- Looking for ignition-msgs5 -- found version 5.8.1
[56.830s] -- Searching for dependencies of ignition-msgs5
[58.966s] -- Looking for ignition-math6 -- found version 6.15.1
[58.973s] -- Checking for module 'tinyxml2'
[58.984s] --   Found tinyxml2, version 9.0.0
[59.010s] -- Looking for ignition-msgs5 -- found version 5.8.1
[59.014s] -- Looking for ignition-common3 -- found version 3.14.0
[59.014s] -- Searching for dependencies of ignition-common3
[59.077s] -- Looking for dlfcn.h - found
[59.135s] -- Looking for libdl - found
[59.136s] -- Found DL: TRUE  
[59.263s] -- Found tinyobjloader: /usr/lib/x86_64-linux-gnu/cmake/tinyobjloader/tinyobjloader-config.cmake (found version "2.0.0") 
[59.264s] -- Searching for <ignition-common3> component [graphics]
[59.267s] -- Looking for ignition-common3-graphics -- found version 3.14.0
[59.267s] -- Searching for dependencies of ignition-common3-graphics
[59.268s] -- Looking for ignition-math6 -- found version 6.15.1
[59.274s] -- Looking for ignition-fuel_tools4 -- found version 4.4.0
[59.274s] -- Searching for dependencies of ignition-fuel_tools4
[61.987s] -- Found CURL: /usr/lib/x86_64-linux-gnu/libcurl.so (found version "7.81.0")  
[61.997s] -- Checking for module 'jsoncpp'
[62.007s] --   Found jsoncpp, version 1.9.5
[62.031s] -- Found JSONCPP: TRUE  
[62.037s] -- Checking for module 'libzip'
[62.048s] --   Found libzip, version 1.7.3
[62.072s] -- Found ZIP: TRUE  
[62.073s] -- Looking for ignition-common3 -- found version 3.14.0
[62.073s] -- Looking for ignition-math6 -- found version 6.15.1
[62.073s] -- Looking for ignition-msgs5 -- found version 5.8.1
[62.080s] -- Found gazebo_ros_pkgs: 3.9.0 (/opt/ros/humble/share/gazebo_ros_pkgs/cmake)
[62.082s] -- Found geometry_msgs: 4.9.0 (/opt/ros/humble/share/geometry_msgs/cmake)
[62.163s] -- Found rosidl_generator_c: 3.1.7 (/opt/ros/humble/share/rosidl_generator_c/cmake)
[62.168s] -- Found rosidl_adapter: 3.1.7 (/opt/ros/humble/share/rosidl_adapter/cmake)
[62.175s] -- Found rosidl_generator_cpp: 3.1.7 (/opt/ros/humble/share/rosidl_generator_cpp/cmake)
[62.186s] -- Using all available rosidl_typesupport_c: rosidl_typesupport_fastrtps_c;rosidl_typesupport_introspection_c
[62.201s] -- Using all available rosidl_typesupport_cpp: rosidl_typesupport_fastrtps_cpp;rosidl_typesupport_introspection_cpp
[62.233s] -- Found nav_msgs: 4.9.0 (/opt/ros/humble/share/nav_msgs/cmake)
[62.248s] -- Found rclcpp: 16.0.15 (/opt/ros/humble/share/rclcpp/cmake)
[62.280s] -- Found rmw_implementation_cmake: 6.1.2 (/opt/ros/humble/share/rmw_implementation_cmake/cmake)
[62.283s] -- Found rmw_fastrtps_cpp: 6.2.8 (/opt/ros/humble/share/rmw_fastrtps_cpp/cmake)
[64.365s] -- Found OpenSSL: /usr/lib/x86_64-linux-gnu/libcrypto.so (found version "3.0.2")  
[66.585s] -- Found FastRTPS: /opt/ros/humble/include  
[70.830s] -- Using RMW implementation 'rmw_fastrtps_cpp' as default
[70.839s] -- Found Threads: TRUE  
[70.870s] -- Found sensor_msgs: 4.9.0 (/opt/ros/humble/share/sensor_msgs/cmake)
[70.884s] -- Found tf2: 0.25.16 (/opt/ros/humble/share/tf2/cmake)
[70.953s] -- Configuring done
[70.984s] -- Generating done
[70.991s] -- Build files have been written to: /home/ema/SESAR/ros2_ws/build/turtlebot3_gazebo
[71.007s] Invoked command in '/home/ema/SESAR/ros2_ws/build/turtlebot3_gazebo' returned '0': CMAKE_PREFIX_PATH=${CMAKE_PREFIX_PATH}:/home/ema/SESAR/ros2_ws/install/turtlebot3_perception:/home/ema/SESAR/ros2_ws/install/my_package:/home/ema/SESAR/ros2_ws/install/lab04_pkg:/home/ema/SESAR/ros2_ws/install/lab03_pkg:/home/ema/SESAR/ros2_ws/install/lab02_pkg:/home/ema/SESAR/ros2_ws/install/lab01_pkg:/opt/ros/humble /usr/bin/cmake /home/ema/SESAR/ros2_ws/src/turtlebot3_simulations/turtlebot3_gazebo -DCMAKE_INSTALL_PREFIX=/home/ema/SESAR/ros2_ws/install/turtlebot3_gazebo
[71.009s] Invoking command in '/home/ema/SESAR/ros2_ws/build/turtlebot3_gazebo': CMAKE_PREFIX_PATH=${CMAKE_PREFIX_PATH}:/home/ema/SESAR/ros2_ws/install/turtlebot3_perception:/home/ema/SESAR/ros2_ws/install/my_package:/home/ema/SESAR/ros2_ws/install/lab04_pkg:/home/ema/SESAR/ros2_ws/install/lab03_pkg:/home/ema/SESAR/ros2_ws/install/lab02_pkg:/home/ema/SESAR/ros2_ws/install/lab01_pkg:/opt/ros/humble /usr/bin/cmake --build /home/ema/SESAR/ros2_ws/build/turtlebot3_gazebo -- -j20 -l20
[71.051s] [ 37%] [32mBuilding CXX object CMakeFiles/obstacle2.dir/models/turtlebot3_dqn_world/obstacle_plugin/obstacle2.cc.o[0m
[71.051s] [ 37%] [32mBuilding CXX object CMakeFiles/turtlebot3_drive.dir/src/turtlebot3_drive.cpp.o[0m
[71.051s] [ 37%] [32mBuilding CXX object CMakeFiles/obstacles.dir/models/turtlebot3_dqn_world/obstacle_plugin/obstacles.cc.o[0m
[71.052s] [ 50%] [32mBuilding CXX object CMakeFiles/obstacle1.dir/models/turtlebot3_dqn_world/obstacle_plugin/obstacle1.cc.o[0m
[83.143s] [ 62%] [32m[1mLinking CXX executable turtlebot3_drive[0m
[84.002s] [ 62%] Built target turtlebot3_drive
[84.808s] [ 75%] [32m[1mLinking CXX shared library libobstacle1.so[0m
[84.862s] [ 87%] [32m[1mLinking CXX shared library libobstacle2.so[0m
[84.880s] [100%] [32m[1mLinking CXX shared library libobstacles.so[0m
[85.234s] [100%] Built target obstacle1
[85.258s] [100%] Built target obstacle2
[85.259s] [100%] Built target obstacles
[85.270s] Invoked command in '/home/ema/SESAR/ros2_ws/build/turtlebot3_gazebo' returned '0': CMAKE_PREFIX_PATH=${CMAKE_PREFIX_PATH}:/home/ema/SESAR/ros2_ws/install/turtlebot3_perception:/home/ema/SESAR/ros2_ws/install/my_package:/home/ema/SESAR/ros2_ws/install/lab04_pkg:/home/ema/SESAR/ros2_ws/install/lab03_pkg:/home/ema/SESAR/ros2_ws/install/lab02_pkg:/home/ema/SESAR/ros2_ws/install/lab01_pkg:/opt/ros/humble /usr/bin/cmake --build /home/ema/SESAR/ros2_ws/build/turtlebot3_gazebo -- -j20 -l20
[85.273s] Invoking command in '/home/ema/SESAR/ros2_ws/build/turtlebot3_gazebo': CMAKE_PREFIX_PATH=${CMAKE_PREFIX_PATH}:/home/ema/SESAR/ros2_ws/install/turtlebot3_perception:/home/ema/SESAR/ros2_ws/install/my_package:/home/ema/SESAR/ros2_ws/install/lab04_pkg:/home/ema/SESAR/ros2_ws/install/lab03_pkg:/home/ema/SESAR/ros2_ws/install/lab02_pkg:/home/ema/SESAR/ros2_ws/install/lab01_pkg:/opt/ros/humble /usr/bin/cmake --install /home/ema/SESAR/ros2_ws/build/turtlebot3_gazebo
[85.280s] -- Install configuration: ""
[85.280s] -- Installing: /home/ema/SESAR/ros2_ws/install/turtlebot3_gazebo/lib/turtlebot3_gazebo/turtlebot3_drive
[85.284s] -- Set runtime path of "/home/ema/SESAR/ros2_ws/install/turtlebot3_gazebo/lib/turtlebot3_gazebo/turtlebot3_drive" to ""
[85.284s] -- Installing: /home/ema/SESAR/ros2_ws/install/turtlebot3_gazebo/share/turtlebot3_gazebo//launch
[85.285s] -- Installing: /home/ema/SESAR/ros2_ws/install/turtlebot3_gazebo/share/turtlebot3_gazebo//launch/empty_world.launch.py
[85.285s] -- Installing: /home/ema/SESAR/ros2_ws/install/turtlebot3_gazebo/share/turtlebot3_gazebo//launch/lab04.launch.py
[85.285s] -- Installing: /home/ema/SESAR/ros2_ws/install/turtlebot3_gazebo/share/turtlebot3_gazebo//launch/robot_state_publisher.launch.py
[85.286s] -- Installing: /home/ema/SESAR/ros2_ws/install/turtlebot3_gazebo/share/turtlebot3_gazebo//launch/turtlebot3_dqn_stage1.launch.py
[85.286s] -- Installing: /home/ema/SESAR/ros2_ws/install/turtlebot3_gazebo/share/turtlebot3_gazebo//launch/spawn_turtlebot3.launch.py
[85.286s] -- Installing: /home/ema/SESAR/ros2_ws/install/turtlebot3_gazebo/share/turtlebot3_gazebo//launch/turtlebot3_dqn_stage4.launch.py
[85.286s] -- Installing: /home/ema/SESAR/ros2_ws/install/turtlebot3_gazebo/share/turtlebot3_gazebo//launch/project.launch.py
[85.286s] -- Installing: /home/ema/SESAR/ros2_ws/install/turtlebot3_gazebo/share/turtlebot3_gazebo//launch/turtlebot3_house.launch.py
[85.286s] -- Installing: /home/ema/SESAR/ros2_ws/install/turtlebot3_gazebo/share/turtlebot3_gazebo//launch/lab02.launch.py
[85.286s] -- Installing: /home/ema/SESAR/ros2_ws/install/turtlebot3_gazebo/share/turtlebot3_gazebo//launch/turtlebot3_dqn_stage3.launch.py
[85.287s] -- Installing: /home/ema/SESAR/ros2_ws/install/turtlebot3_gazebo/share/turtlebot3_gazebo//launch/turtlebot3_world.launch.py
[85.287s] -- Installing: /home/ema/SESAR/ros2_ws/install/turtlebot3_gazebo/share/turtlebot3_gazebo//launch/turtlebot3_dqn_stage2.launch.py
[85.287s] -- Installing: /home/ema/SESAR/ros2_ws/install/turtlebot3_gazebo/share/turtlebot3_gazebo//models
[85.287s] -- Installing: /home/ema/SESAR/ros2_ws/install/turtlebot3_gazebo/share/turtlebot3_gazebo//models/turtlebot3_burger
[85.287s] -- Installing: /home/ema/SESAR/ros2_ws/install/turtlebot3_gazebo/share/turtlebot3_gazebo//models/turtlebot3_burger/model.sdf
[85.287s] -- Installing: /home/ema/SESAR/ros2_ws/install/turtlebot3_gazebo/share/turtlebot3_gazebo//models/turtlebot3_burger/model-1_4.sdf
[85.287s] -- Installing: /home/ema/SESAR/ros2_ws/install/turtlebot3_gazebo/share/turtlebot3_gazebo//models/turtlebot3_burger/model.config
[85.287s] -- Installing: /home/ema/SESAR/ros2_ws/install/turtlebot3_gazebo/share/turtlebot3_gazebo//models/turtlebot3_house
[85.287s] -- Installing: /home/ema/SESAR/ros2_ws/install/turtlebot3_gazebo/share/turtlebot3_gazebo//models/turtlebot3_house/model.sdf
[85.288s] -- Installing: /home/ema/SESAR/ros2_ws/install/turtlebot3_gazebo/share/turtlebot3_gazebo//models/turtlebot3_house/model.config
[85.288s] -- Installing: /home/ema/SESAR/ros2_ws/install/turtlebot3_gazebo/share/turtlebot3_gazebo//models/turtlebot3_waffle
[85.288s] -- Installing: /home/ema/SESAR/ros2_ws/install/turtlebot3_gazebo/share/turtlebot3_gazebo//models/turtlebot3_waffle/model.sdf
[85.288s] -- Installing: /home/ema/SESAR/ros2_ws/install/turtlebot3_gazebo/share/turtlebot3_gazebo//models/turtlebot3_waffle/model-1_4.sdf
[85.288s] -- Installing: /home/ema/SESAR/ros2_ws/install/turtlebot3_gazebo/share/turtlebot3_gazebo//models/turtlebot3_waffle/model.config
[85.288s] -- Installing: /home/ema/SESAR/ros2_ws/install/turtlebot3_gazebo/share/turtlebot3_gazebo//models/turtlebot3_waffle_pi
[85.288s] -- Installing: /home/ema/SESAR/ros2_ws/install/turtlebot3_gazebo/share/turtlebot3_gazebo//models/turtlebot3_waffle_pi/model.sdf
[85.288s] -- Installing: /home/ema/SESAR/ros2_ws/install/turtlebot3_gazebo/share/turtlebot3_gazebo//models/turtlebot3_waffle_pi/model-1_4_.sdf
[85.288s] -- Installing: /home/ema/SESAR/ros2_ws/install/turtlebot3_gazebo/share/turtlebot3_gazebo//models/turtlebot3_waffle_pi/model.config
[85.289s] -- Installing: /home/ema/SESAR/ros2_ws/install/turtlebot3_gazebo/share/turtlebot3_gazebo//models/turtlebot3_world
[85.289s] -- Installing: /home/ema/SESAR/ros2_ws/install/turtlebot3_gazebo/share/turtlebot3_gazebo//models/turtlebot3_world/meshes
[85.289s] -- Installing: /home/ema/SESAR/ros2_ws/install/turtlebot3_gazebo/share/turtlebot3_gazebo//models/turtlebot3_world/meshes/wall.dae
[85.289s] -- Installing: /home/ema/SESAR/ros2_ws/install/turtlebot3_gazebo/share/turtlebot3_gazebo//models/turtlebot3_world/meshes/hexagon.dae
[85.289s] -- Installing: /home/ema/SESAR/ros2_ws/install/turtlebot3_gazebo/share/turtlebot3_gazebo//models/turtlebot3_world/model.sdf
[85.289s] -- Installing: /home/ema/SESAR/ros2_ws/install/turtlebot3_gazebo/share/turtlebot3_gazebo//models/turtlebot3_world/model-1_4.sdf
[85.289s] -- Installing: /home/ema/SESAR/ros2_ws/install/turtlebot3_gazebo/share/turtlebot3_gazebo//models/turtlebot3_world/model.config
[85.289s] -- Installing: /home/ema/SESAR/ros2_ws/install/turtlebot3_gazebo/share/turtlebot3_gazebo//models/turtlebot3_common
[85.290s] -- Installing: /home/ema/SESAR/ros2_ws/install/turtlebot3_gazebo/share/turtlebot3_gazebo//models/turtlebot3_common/meshes
[85.290s] -- Installing: /home/ema/SESAR/ros2_ws/install/turtlebot3_gazebo/share/turtlebot3_gazebo//models/turtlebot3_common/meshes/waffle_base.dae
[85.290s] -- Installing: /home/ema/SESAR/ros2_ws/install/turtlebot3_gazebo/share/turtlebot3_gazebo//models/turtlebot3_common/meshes/tire.dae
[85.290s] -- Installing: /home/ema/SESAR/ros2_ws/install/turtlebot3_gazebo/share/turtlebot3_gazebo//models/turtlebot3_common/meshes/lds.dae
[85.290s] -- Installing: /home/ema/SESAR/ros2_ws/install/turtlebot3_gazebo/share/turtlebot3_gazebo//models/turtlebot3_common/meshes/burger_base.dae
[85.290s] -- Installing: /home/ema/SESAR/ros2_ws/install/turtlebot3_gazebo/share/turtlebot3_gazebo//models/turtlebot3_common/meshes/waffle_pi_base.dae
[85.290s] -- Installing: /home/ema/SESAR/ros2_ws/install/turtlebot3_gazebo/share/turtlebot3_gazebo//models/turtlebot3_common/meshes/r200.dae
[85.290s] -- Installing: /home/ema/SESAR/ros2_ws/install/turtlebot3_gazebo/share/turtlebot3_gazebo//models/turtlebot3_common/model.config
[85.290s] -- Installing: /home/ema/SESAR/ros2_ws/install/turtlebot3_gazebo/share/turtlebot3_gazebo//models/turtlebot3_dqn_world
[85.290s] -- Installing: /home/ema/SESAR/ros2_ws/install/turtlebot3_gazebo/share/turtlebot3_gazebo//models/turtlebot3_dqn_world/goal_box
[85.291s] -- Installing: /home/ema/SESAR/ros2_ws/install/turtlebot3_gazebo/share/turtlebot3_gazebo//models/turtlebot3_dqn_world/goal_box/model.sdf
[85.291s] -- Installing: /home/ema/SESAR/ros2_ws/install/turtlebot3_gazebo/share/turtlebot3_gazebo//models/turtlebot3_dqn_world/goal_box/model.config
[85.291s] -- Installing: /home/ema/SESAR/ros2_ws/install/turtlebot3_gazebo/share/turtlebot3_gazebo//models/turtlebot3_dqn_world/obstacle2
[85.291s] -- Installing: /home/ema/SESAR/ros2_ws/install/turtlebot3_gazebo/share/turtlebot3_gazebo//models/turtlebot3_dqn_world/obstacle2/model.sdf
[85.291s] -- Installing: /home/ema/SESAR/ros2_ws/install/turtlebot3_gazebo/share/turtlebot3_gazebo//models/turtlebot3_dqn_world/obstacle2/model.config
[85.291s] -- Installing: /home/ema/SESAR/ros2_ws/install/turtlebot3_gazebo/share/turtlebot3_gazebo//models/turtlebot3_dqn_world/model.sdf
[85.291s] -- Installing: /home/ema/SESAR/ros2_ws/install/turtlebot3_gazebo/share/turtlebot3_gazebo//models/turtlebot3_dqn_world/inner_walls
[85.291s] -- Installing: /home/ema/SESAR/ros2_ws/install/turtlebot3_gazebo/share/turtlebot3_gazebo//models/turtlebot3_dqn_world/inner_walls/model.sdf
[85.291s] -- Installing: /home/ema/SESAR/ros2_ws/install/turtlebot3_gazebo/share/turtlebot3_gazebo//models/turtlebot3_dqn_world/inner_walls/model.config
[85.292s] -- Installing: /home/ema/SESAR/ros2_ws/install/turtlebot3_gazebo/share/turtlebot3_gazebo//models/turtlebot3_dqn_world/obstacles
[85.292s] -- Installing: /home/ema/SESAR/ros2_ws/install/turtlebot3_gazebo/share/turtlebot3_gazebo//models/turtlebot3_dqn_world/obstacles/model.sdf
[85.292s] -- Installing: /home/ema/SESAR/ros2_ws/install/turtlebot3_gazebo/share/turtlebot3_gazebo//models/turtlebot3_dqn_world/obstacles/model.config
[85.292s] -- Installing: /home/ema/SESAR/ros2_ws/install/turtlebot3_gazebo/share/turtlebot3_gazebo//models/turtlebot3_dqn_world/model.config
[85.292s] -- Installing: /home/ema/SESAR/ros2_ws/install/turtlebot3_gazebo/share/turtlebot3_gazebo//models/turtlebot3_dqn_world/obstacle1
[85.292s] -- Installing: /home/ema/SESAR/ros2_ws/install/turtlebot3_gazebo/share/turtlebot3_gazebo//models/turtlebot3_dqn_world/obstacle1/model.sdf
[85.292s] -- Installing: /home/ema/SESAR/ros2_ws/install/turtlebot3_gazebo/share/turtlebot3_gazebo//models/turtlebot3_dqn_world/obstacle1/model.config
[85.292s] -- Installing: /home/ema/SESAR/ros2_ws/install/turtlebot3_gazebo/share/turtlebot3_gazebo//models/turtlebot3_dqn_world/obstacle_plugin
[85.292s] -- Installing: /home/ema/SESAR/ros2_ws/install/turtlebot3_gazebo/share/turtlebot3_gazebo//models/turtlebot3_dqn_world/obstacle_plugin/obstacle1.cc
[85.293s] -- Installing: /home/ema/SESAR/ros2_ws/install/turtlebot3_gazebo/share/turtlebot3_gazebo//models/turtlebot3_dqn_world/obstacle_plugin/CMakeLists.txt
[85.293s] -- Installing: /home/ema/SESAR/ros2_ws/install/turtlebot3_gazebo/share/turtlebot3_gazebo//models/turtlebot3_dqn_world/obstacle_plugin/obstacle2.cc
[85.293s] -- Installing: /home/ema/SESAR/ros2_ws/install/turtlebot3_gazebo/share/turtlebot3_gazebo//models/turtlebot3_dqn_world/obstacle_plugin/obstacles.cc
[85.293s] -- Installing: /home/ema/SESAR/ros2_ws/install/turtlebot3_gazebo/share/turtlebot3_gazebo//rviz
[85.293s] -- Installing: /home/ema/SESAR/ros2_ws/install/turtlebot3_gazebo/share/turtlebot3_gazebo//rviz/tb3_gazebo.rviz
[85.293s] -- Installing: /home/ema/SESAR/ros2_ws/install/turtlebot3_gazebo/share/turtlebot3_gazebo//urdf
[85.293s] -- Installing: /home/ema/SESAR/ros2_ws/install/turtlebot3_gazebo/share/turtlebot3_gazebo//urdf/turtlebot3_waffle_pi.urdf
[85.294s] -- Installing: /home/ema/SESAR/ros2_ws/install/turtlebot3_gazebo/share/turtlebot3_gazebo//urdf/turtlebot3_waffle.urdf
[85.294s] -- Installing: /home/ema/SESAR/ros2_ws/install/turtlebot3_gazebo/share/turtlebot3_gazebo//urdf/turtlebot3_burger.urdf
[85.294s] -- Installing: /home/ema/SESAR/ros2_ws/install/turtlebot3_gazebo/share/turtlebot3_gazebo//urdf/common_properties.urdf
[85.294s] -- Installing: /home/ema/SESAR/ros2_ws/install/turtlebot3_gazebo/share/turtlebot3_gazebo//worlds
[85.295s] -- Installing: /home/ema/SESAR/ros2_ws/install/turtlebot3_gazebo/share/turtlebot3_gazebo//worlds/turtlebot3_dqn_stage2.world
[85.295s] -- Installing: /home/ema/SESAR/ros2_ws/install/turtlebot3_gazebo/share/turtlebot3_gazebo//worlds/hard_maze.world
[85.295s] -- Installing: /home/ema/SESAR/ros2_ws/install/turtlebot3_gazebo/share/turtlebot3_gazebo//worlds/turtlebot3_world.world
[85.295s] -- Installing: /home/ema/SESAR/ros2_ws/install/turtlebot3_gazebo/share/turtlebot3_gazebo//worlds/maze.world
[85.295s] -- Installing: /home/ema/SESAR/ros2_ws/install/turtlebot3_gazebo/share/turtlebot3_gazebo//worlds/turtlebot3_dqn_stage1.world
[85.295s] -- Installing: /home/ema/SESAR/ros2_ws/install/turtlebot3_gazebo/share/turtlebot3_gazebo//worlds/empty_world.world
[85.296s] -- Installing: /home/ema/SESAR/ros2_ws/install/turtlebot3_gazebo/share/turtlebot3_gazebo//worlds/turtlebot3_dqn_stage3.world
[85.296s] -- Installing: /home/ema/SESAR/ros2_ws/install/turtlebot3_gazebo/share/turtlebot3_gazebo//worlds/turtlebot3_dqn_stage4.world
[85.296s] -- Installing: /home/ema/SESAR/ros2_ws/install/turtlebot3_gazebo/share/turtlebot3_gazebo//worlds/turtlebot3_house.world
[85.296s] -- Installing: /home/ema/SESAR/ros2_ws/install/turtlebot3_gazebo/include/
[85.296s] -- Installing: /home/ema/SESAR/ros2_ws/install/turtlebot3_gazebo/include//turtlebot3_gazebo
[85.296s] -- Installing: /home/ema/SESAR/ros2_ws/install/turtlebot3_gazebo/include//turtlebot3_gazebo/turtlebot3_drive.hpp
[85.296s] -- Installing: /home/ema/SESAR/ros2_ws/install/turtlebot3_gazebo/share/turtlebot3_gazebo/environment/turtlebot3_gazebo.dsv
[85.296s] -- Installing: /home/ema/SESAR/ros2_ws/install/turtlebot3_gazebo/share/ament_index/resource_index/package_run_dependencies/turtlebot3_gazebo
[85.296s] -- Installing: /home/ema/SESAR/ros2_ws/install/turtlebot3_gazebo/share/ament_index/resource_index/parent_prefix_path/turtlebot3_gazebo
[85.296s] -- Installing: /home/ema/SESAR/ros2_ws/install/turtlebot3_gazebo/share/turtlebot3_gazebo/environment/ament_prefix_path.sh
[85.297s] -- Installing: /home/ema/SESAR/ros2_ws/install/turtlebot3_gazebo/share/turtlebot3_gazebo/environment/ament_prefix_path.dsv
[85.297s] -- Installing: /home/ema/SESAR/ros2_ws/install/turtlebot3_gazebo/share/turtlebot3_gazebo/environment/path.sh
[85.297s] -- Installing: /home/ema/SESAR/ros2_ws/install/turtlebot3_gazebo/share/turtlebot3_gazebo/environment/path.dsv
[85.297s] -- Installing: /home/ema/SESAR/ros2_ws/install/turtlebot3_gazebo/share/turtlebot3_gazebo/local_setup.bash
[85.297s] -- Installing: /home/ema/SESAR/ros2_ws/install/turtlebot3_gazebo/share/turtlebot3_gazebo/local_setup.sh
[85.297s] -- Installing: /home/ema/SESAR/ros2_ws/install/turtlebot3_gazebo/share/turtlebot3_gazebo/local_setup.zsh
[85.297s] -- Installing: /home/ema/SESAR/ros2_ws/install/turtlebot3_gazebo/share/turtlebot3_gazebo/local_setup.dsv
[85.297s] -- Installing: /home/ema/SESAR/ros2_ws/install/turtlebot3_gazebo/share/turtlebot3_gazebo/package.dsv
[85.297s] -- Installing: /home/ema/SESAR/ros2_ws/install/turtlebot3_gazebo/share/ament_index/resource_index/packages/turtlebot3_gazebo
[85.297s] -- Installing: /home/ema/SESAR/ros2_ws/install/turtlebot3_gazebo/share/turtlebot3_gazebo/cmake/ament_cmake_export_include_directories-extras.cmake
[85.297s] -- Installing: /home/ema/SESAR/ros2_ws/install/turtlebot3_gazebo/share/turtlebot3_gazebo/cmake/ament_cmake_export_dependencies-extras.cmake
[85.297s] -- Installing: /home/ema/SESAR/ros2_ws/install/turtlebot3_gazebo/share/turtlebot3_gazebo/cmake/turtlebot3_gazeboConfig.cmake
[85.297s] -- Installing: /home/ema/SESAR/ros2_ws/install/turtlebot3_gazebo/share/turtlebot3_gazebo/cmake/turtlebot3_gazeboConfig-version.cmake
[85.297s] -- Installing: /home/ema/SESAR/ros2_ws/install/turtlebot3_gazebo/share/turtlebot3_gazebo/package.xml
[85.300s] Invoked command in '/home/ema/SESAR/ros2_ws/build/turtlebot3_gazebo' returned '0': CMAKE_PREFIX_PATH=${CMAKE_PREFIX_PATH}:/home/ema/SESAR/ros2_ws/install/turtlebot3_perception:/home/ema/SESAR/ros2_ws/install/my_package:/home/ema/SESAR/ros2_ws/install/lab04_pkg:/home/ema/SESAR/ros2_ws/install/lab03_pkg:/home/ema/SESAR/ros2_ws/install/lab02_pkg:/home/ema/SESAR/ros2_ws/install/lab01_pkg:/opt/ros/humble /usr/bin/cmake --install /home/ema/SESAR/ros2_ws/build/turtlebot3_gazebo
