/home/ema/SESAR/ros2_ws/install/lab01_pkg/lib/python3.10/site-packages/lab01_pkg/reset_node.py
/home/ema/SESAR/ros2_ws/install/lab01_pkg/lib/python3.10/site-packages/lab01_pkg/localization.py
/home/ema/SESAR/ros2_ws/install/lab01_pkg/lib/python3.10/site-packages/lab01_pkg/controller.py
/home/ema/SESAR/ros2_ws/install/lab01_pkg/lib/python3.10/site-packages/lab01_pkg/__init__.py
/home/ema/SESAR/ros2_ws/install/lab01_pkg/lib/python3.10/site-packages/lab01_pkg/localization_reset.py
/home/ema/SESAR/ros2_ws/install/lab01_pkg/lib/python3.10/site-packages/lab01_pkg/controller_reset.py
/home/ema/SESAR/ros2_ws/install/lab01_pkg/lib/python3.10/site-packages/lab01_pkg/__pycache__/reset_node.cpython-310.pyc
/home/ema/SESAR/ros2_ws/install/lab01_pkg/lib/python3.10/site-packages/lab01_pkg/__pycache__/localization.cpython-310.pyc
/home/ema/SESAR/ros2_ws/install/lab01_pkg/lib/python3.10/site-packages/lab01_pkg/__pycache__/controller.cpython-310.pyc
/home/ema/SESAR/ros2_ws/install/lab01_pkg/lib/python3.10/site-packages/lab01_pkg/__pycache__/__init__.cpython-310.pyc
/home/ema/SESAR/ros2_ws/install/lab01_pkg/lib/python3.10/site-packages/lab01_pkg/__pycache__/localization_reset.cpython-310.pyc
/home/ema/SESAR/ros2_ws/install/lab01_pkg/lib/python3.10/site-packages/lab01_pkg/__pycache__/controller_reset.cpython-310.pyc
/home/ema/SESAR/ros2_ws/install/lab01_pkg/share/ament_index/resource_index/packages/lab01_pkg
/home/ema/SESAR/ros2_ws/install/lab01_pkg/share/lab01_pkg/package.xml
/home/ema/SESAR/ros2_ws/install/lab01_pkg/lib/python3.10/site-packages/lab01_pkg-0.0.0-py3.10.egg-info/dependency_links.txt
/home/ema/SESAR/ros2_ws/install/lab01_pkg/lib/python3.10/site-packages/lab01_pkg-0.0.0-py3.10.egg-info/PKG-INFO
/home/ema/SESAR/ros2_ws/install/lab01_pkg/lib/python3.10/site-packages/lab01_pkg-0.0.0-py3.10.egg-info/entry_points.txt
/home/ema/SESAR/ros2_ws/install/lab01_pkg/lib/python3.10/site-packages/lab01_pkg-0.0.0-py3.10.egg-info/zip-safe
/home/ema/SESAR/ros2_ws/install/lab01_pkg/lib/python3.10/site-packages/lab01_pkg-0.0.0-py3.10.egg-info/requires.txt
/home/ema/SESAR/ros2_ws/install/lab01_pkg/lib/python3.10/site-packages/lab01_pkg-0.0.0-py3.10.egg-info/top_level.txt
/home/ema/SESAR/ros2_ws/install/lab01_pkg/lib/python3.10/site-packages/lab01_pkg-0.0.0-py3.10.egg-info/SOURCES.txt
/home/ema/SESAR/ros2_ws/install/lab01_pkg/lib/lab01_pkg/controller
/home/ema/SESAR/ros2_ws/install/lab01_pkg/lib/lab01_pkg/controller_reset
/home/ema/SESAR/ros2_ws/install/lab01_pkg/lib/lab01_pkg/localization
/home/ema/SESAR/ros2_ws/install/lab01_pkg/lib/lab01_pkg/localization_reset
/home/ema/SESAR/ros2_ws/install/lab01_pkg/lib/lab01_pkg/reset_node
