[1.207s] Invoking command in '/home/ema/SESAR/ros2_ws/src/lab01_pkg': PYTHONPATH=/home/ema/SESAR/ros2_ws/build/lab01_pkg/prefix_override:/usr/lib/python3/dist-packages/colcon_core/task/python/colcon_distutils_commands:/home/ema/SESAR/ros2_ws/install/lab01_pkg/lib/python3.10/site-packages:${PYTHONPATH} /usr/bin/python3 -W ignore:setup.py install is deprecated -W ignore:easy_install command is deprecated setup.py egg_info --egg-base ../../build/lab01_pkg build --build-base /home/ema/SESAR/ros2_ws/build/lab01_pkg/build install --record /home/ema/SESAR/ros2_ws/build/lab01_pkg/install.log --single-version-externally-managed install_data
[1.416s] running egg_info
[1.418s] creating ../../build/lab01_pkg/lab01_pkg.egg-info
[1.418s] writing ../../build/lab01_pkg/lab01_pkg.egg-info/PKG-INFO
[1.418s] writing dependency_links to ../../build/lab01_pkg/lab01_pkg.egg-info/dependency_links.txt
[1.419s] writing entry points to ../../build/lab01_pkg/lab01_pkg.egg-info/entry_points.txt
[1.419s] writing requirements to ../../build/lab01_pkg/lab01_pkg.egg-info/requires.txt
[1.419s] writing top-level names to ../../build/lab01_pkg/lab01_pkg.egg-info/top_level.txt
[1.420s] writing manifest file '../../build/lab01_pkg/lab01_pkg.egg-info/SOURCES.txt'
[1.425s] reading manifest file '../../build/lab01_pkg/lab01_pkg.egg-info/SOURCES.txt'
[1.425s] adding license file 'LICENSE'
[1.426s] writing manifest file '../../build/lab01_pkg/lab01_pkg.egg-info/SOURCES.txt'
[1.426s] running build
[1.426s] running build_py
[1.426s] creating /home/ema/SESAR/ros2_ws/build/lab01_pkg/build
[1.426s] creating /home/ema/SESAR/ros2_ws/build/lab01_pkg/build/lib
[1.426s] creating /home/ema/SESAR/ros2_ws/build/lab01_pkg/build/lib/lab01_pkg
[1.426s] copying lab01_pkg/reset_node.py -> /home/ema/SESAR/ros2_ws/build/lab01_pkg/build/lib/lab01_pkg
[1.427s] copying lab01_pkg/localization.py -> /home/ema/SESAR/ros2_ws/build/lab01_pkg/build/lib/lab01_pkg
[1.427s] copying lab01_pkg/controller.py -> /home/ema/SESAR/ros2_ws/build/lab01_pkg/build/lib/lab01_pkg
[1.427s] copying lab01_pkg/__init__.py -> /home/ema/SESAR/ros2_ws/build/lab01_pkg/build/lib/lab01_pkg
[1.427s] copying lab01_pkg/localization_reset.py -> /home/ema/SESAR/ros2_ws/build/lab01_pkg/build/lib/lab01_pkg
[1.427s] copying lab01_pkg/controller_reset.py -> /home/ema/SESAR/ros2_ws/build/lab01_pkg/build/lib/lab01_pkg
[1.427s] running install
[1.427s] running install_lib
[1.428s] creating /home/ema/SESAR/ros2_ws/install/lab01_pkg/lib/python3.10/site-packages/lab01_pkg
[1.428s] copying /home/ema/SESAR/ros2_ws/build/lab01_pkg/build/lib/lab01_pkg/reset_node.py -> /home/ema/SESAR/ros2_ws/install/lab01_pkg/lib/python3.10/site-packages/lab01_pkg
[1.429s] copying /home/ema/SESAR/ros2_ws/build/lab01_pkg/build/lib/lab01_pkg/localization.py -> /home/ema/SESAR/ros2_ws/install/lab01_pkg/lib/python3.10/site-packages/lab01_pkg
[1.429s] copying /home/ema/SESAR/ros2_ws/build/lab01_pkg/build/lib/lab01_pkg/controller.py -> /home/ema/SESAR/ros2_ws/install/lab01_pkg/lib/python3.10/site-packages/lab01_pkg
[1.429s] copying /home/ema/SESAR/ros2_ws/build/lab01_pkg/build/lib/lab01_pkg/__init__.py -> /home/ema/SESAR/ros2_ws/install/lab01_pkg/lib/python3.10/site-packages/lab01_pkg
[1.429s] copying /home/ema/SESAR/ros2_ws/build/lab01_pkg/build/lib/lab01_pkg/localization_reset.py -> /home/ema/SESAR/ros2_ws/install/lab01_pkg/lib/python3.10/site-packages/lab01_pkg
[1.429s] copying /home/ema/SESAR/ros2_ws/build/lab01_pkg/build/lib/lab01_pkg/controller_reset.py -> /home/ema/SESAR/ros2_ws/install/lab01_pkg/lib/python3.10/site-packages/lab01_pkg
[1.429s] byte-compiling /home/ema/SESAR/ros2_ws/install/lab01_pkg/lib/python3.10/site-packages/lab01_pkg/reset_node.py to reset_node.cpython-310.pyc
[1.430s] byte-compiling /home/ema/SESAR/ros2_ws/install/lab01_pkg/lib/python3.10/site-packages/lab01_pkg/localization.py to localization.cpython-310.pyc
[1.430s] byte-compiling /home/ema/SESAR/ros2_ws/install/lab01_pkg/lib/python3.10/site-packages/lab01_pkg/controller.py to controller.cpython-310.pyc
[1.430s] byte-compiling /home/ema/SESAR/ros2_ws/install/lab01_pkg/lib/python3.10/site-packages/lab01_pkg/__init__.py to __init__.cpython-310.pyc
[1.431s] byte-compiling /home/ema/SESAR/ros2_ws/install/lab01_pkg/lib/python3.10/site-packages/lab01_pkg/localization_reset.py to localization_reset.cpython-310.pyc
[1.432s] byte-compiling /home/ema/SESAR/ros2_ws/install/lab01_pkg/lib/python3.10/site-packages/lab01_pkg/controller_reset.py to controller_reset.cpython-310.pyc
[1.433s] running install_data
[1.433s] creating /home/ema/SESAR/ros2_ws/install/lab01_pkg/share/ament_index
[1.433s] creating /home/ema/SESAR/ros2_ws/install/lab01_pkg/share/ament_index/resource_index
[1.434s] creating /home/ema/SESAR/ros2_ws/install/lab01_pkg/share/ament_index/resource_index/packages
[1.434s] copying resource/lab01_pkg -> /home/ema/SESAR/ros2_ws/install/lab01_pkg/share/ament_index/resource_index/packages
[1.435s] copying package.xml -> /home/ema/SESAR/ros2_ws/install/lab01_pkg/share/lab01_pkg
[1.435s] running install_egg_info
[1.437s] Copying ../../build/lab01_pkg/lab01_pkg.egg-info to /home/ema/SESAR/ros2_ws/install/lab01_pkg/lib/python3.10/site-packages/lab01_pkg-0.0.0-py3.10.egg-info
[1.437s] running install_scripts
[1.456s] Installing controller script to /home/ema/SESAR/ros2_ws/install/lab01_pkg/lib/lab01_pkg
[1.456s] Installing controller_reset script to /home/ema/SESAR/ros2_ws/install/lab01_pkg/lib/lab01_pkg
[1.457s] Installing localization script to /home/ema/SESAR/ros2_ws/install/lab01_pkg/lib/lab01_pkg
[1.457s] Installing localization_reset script to /home/ema/SESAR/ros2_ws/install/lab01_pkg/lib/lab01_pkg
[1.457s] Installing reset_node script to /home/ema/SESAR/ros2_ws/install/lab01_pkg/lib/lab01_pkg
[1.457s] writing list of installed files to '/home/ema/SESAR/ros2_ws/build/lab01_pkg/install.log'
[1.503s] Invoked command in '/home/ema/SESAR/ros2_ws/src/lab01_pkg' returned '0': PYTHONPATH=/home/ema/SESAR/ros2_ws/build/lab01_pkg/prefix_override:/usr/lib/python3/dist-packages/colcon_core/task/python/colcon_distutils_commands:/home/ema/SESAR/ros2_ws/install/lab01_pkg/lib/python3.10/site-packages:${PYTHONPATH} /usr/bin/python3 -W ignore:setup.py install is deprecated -W ignore:easy_install command is deprecated setup.py egg_info --egg-base ../../build/lab01_pkg build --build-base /home/ema/SESAR/ros2_ws/build/lab01_pkg/build install --record /home/ema/SESAR/ros2_ws/build/lab01_pkg/install.log --single-version-externally-managed install_data
