[1.405s] Invoking command in '/home/luke_skywalker/ros2_ws/src/lab01_pkg': PYTHONPATH=/home/luke_skywalker/ros2_ws/src/build/lab01_pkg/prefix_override:/usr/lib/python3/dist-packages/colcon_core/task/python/colcon_distutils_commands:/home/luke_skywalker/ros2_ws/src/install/lab01_pkg/lib/python3.10/site-packages:${PYTHONPATH} /usr/bin/python3 -W ignore:setup.py install is deprecated -W ignore:easy_install command is deprecated setup.py egg_info --egg-base ../build/lab01_pkg build --build-base /home/luke_skywalker/ros2_ws/src/build/lab01_pkg/build install --record /home/luke_skywalker/ros2_ws/src/build/lab01_pkg/install.log --single-version-externally-managed install_data
[1.817s] running egg_info
[1.818s] creating ../build/lab01_pkg/lab01_pkg.egg-info
[1.819s] writing ../build/lab01_pkg/lab01_pkg.egg-info/PKG-INFO
[1.820s] writing dependency_links to ../build/lab01_pkg/lab01_pkg.egg-info/dependency_links.txt
[1.821s] writing entry points to ../build/lab01_pkg/lab01_pkg.egg-info/entry_points.txt
[1.821s] writing requirements to ../build/lab01_pkg/lab01_pkg.egg-info/requires.txt
[1.821s] writing top-level names to ../build/lab01_pkg/lab01_pkg.egg-info/top_level.txt
[1.821s] writing manifest file '../build/lab01_pkg/lab01_pkg.egg-info/SOURCES.txt'
[1.824s] reading manifest file '../build/lab01_pkg/lab01_pkg.egg-info/SOURCES.txt'
[1.824s] adding license file 'LICENSE'
[1.825s] writing manifest file '../build/lab01_pkg/lab01_pkg.egg-info/SOURCES.txt'
[1.825s] running build
[1.825s] running build_py
[1.826s] creating /home/luke_skywalker/ros2_ws/src/build/lab01_pkg/build
[1.827s] creating /home/luke_skywalker/ros2_ws/src/build/lab01_pkg/build/lib
[1.827s] creating /home/luke_skywalker/ros2_ws/src/build/lab01_pkg/build/lib/lab01_pkg
[1.828s] copying lab01_pkg/__init__.py -> /home/luke_skywalker/ros2_ws/src/build/lab01_pkg/build/lib/lab01_pkg
[1.828s] copying lab01_pkg/controller.py -> /home/luke_skywalker/ros2_ws/src/build/lab01_pkg/build/lib/lab01_pkg
[1.828s] running install
[1.829s] running install_lib
[1.832s] creating /home/luke_skywalker/ros2_ws/src/install/lab01_pkg/lib/python3.10/site-packages/lab01_pkg
[1.833s] copying /home/luke_skywalker/ros2_ws/src/build/lab01_pkg/build/lib/lab01_pkg/__init__.py -> /home/luke_skywalker/ros2_ws/src/install/lab01_pkg/lib/python3.10/site-packages/lab01_pkg
[1.833s] copying /home/luke_skywalker/ros2_ws/src/build/lab01_pkg/build/lib/lab01_pkg/controller.py -> /home/luke_skywalker/ros2_ws/src/install/lab01_pkg/lib/python3.10/site-packages/lab01_pkg
[1.834s] byte-compiling /home/luke_skywalker/ros2_ws/src/install/lab01_pkg/lib/python3.10/site-packages/lab01_pkg/__init__.py to __init__.cpython-310.pyc
[1.836s] byte-compiling /home/luke_skywalker/ros2_ws/src/install/lab01_pkg/lib/python3.10/site-packages/lab01_pkg/controller.py to controller.cpython-310.pyc
[1.837s] running install_data
[1.837s] creating /home/luke_skywalker/ros2_ws/src/install/lab01_pkg/share/ament_index
[1.838s] creating /home/luke_skywalker/ros2_ws/src/install/lab01_pkg/share/ament_index/resource_index
[1.839s] creating /home/luke_skywalker/ros2_ws/src/install/lab01_pkg/share/ament_index/resource_index/packages
[1.841s] copying resource/lab01_pkg -> /home/luke_skywalker/ros2_ws/src/install/lab01_pkg/share/ament_index/resource_index/packages
[1.841s] copying package.xml -> /home/luke_skywalker/ros2_ws/src/install/lab01_pkg/share/lab01_pkg
[1.842s] running install_egg_info
[1.844s] Copying ../build/lab01_pkg/lab01_pkg.egg-info to /home/luke_skywalker/ros2_ws/src/install/lab01_pkg/lib/python3.10/site-packages/lab01_pkg-0.0.0-py3.10.egg-info
[1.846s] running install_scripts
[1.879s] Installing controller script to /home/luke_skywalker/ros2_ws/src/install/lab01_pkg/lib/lab01_pkg
[1.881s] writing list of installed files to '/home/luke_skywalker/ros2_ws/src/build/lab01_pkg/install.log'
[1.928s] Invoked command in '/home/luke_skywalker/ros2_ws/src/lab01_pkg' returned '0': PYTHONPATH=/home/luke_skywalker/ros2_ws/src/build/lab01_pkg/prefix_override:/usr/lib/python3/dist-packages/colcon_core/task/python/colcon_distutils_commands:/home/luke_skywalker/ros2_ws/src/install/lab01_pkg/lib/python3.10/site-packages:${PYTHONPATH} /usr/bin/python3 -W ignore:setup.py install is deprecated -W ignore:easy_install command is deprecated setup.py egg_info --egg-base ../build/lab01_pkg build --build-base /home/luke_skywalker/ros2_ws/src/build/lab01_pkg/build install --record /home/luke_skywalker/ros2_ws/src/build/lab01_pkg/install.log --single-version-externally-managed install_data
