/home/ema/SESAR/ros2_ws/install/lab04_pkg/lib/python3.10/site-packages/lab04_pkg/ekf.py
/home/ema/SESAR/ros2_ws/install/lab04_pkg/lib/python3.10/site-packages/lab04_pkg/utils.py
/home/ema/SESAR/ros2_ws/install/lab04_pkg/lib/python3.10/site-packages/lab04_pkg/probabilistic_models.py
/home/ema/SESAR/ros2_ws/install/lab04_pkg/lib/python3.10/site-packages/lab04_pkg/landmarks.py
/home/ema/SESAR/ros2_ws/install/lab04_pkg/lib/python3.10/site-packages/lab04_pkg/controller.py
/home/ema/SESAR/ros2_ws/install/lab04_pkg/lib/python3.10/site-packages/lab04_pkg/__init__.py
/home/ema/SESAR/ros2_ws/install/lab04_pkg/lib/python3.10/site-packages/lab04_pkg/task0.py
/home/ema/SESAR/ros2_ws/install/lab04_pkg/lib/python3.10/site-packages/lab04_pkg/EKF_node.py
/home/ema/SESAR/ros2_ws/install/lab04_pkg/lib/python3.10/site-packages/lab04_pkg/plot_utils.py
/home/ema/SESAR/ros2_ws/install/lab04_pkg/lib/python3.10/site-packages/lab04_pkg/task3.py
/home/ema/SESAR/ros2_ws/install/lab04_pkg/lib/python3.10/site-packages/lab04_pkg/velocity_motion_model.py
/home/ema/SESAR/ros2_ws/install/lab04_pkg/lib/python3.10/site-packages/lab04_pkg/prova_landmarks.py
/home/ema/SESAR/ros2_ws/install/lab04_pkg/lib/python3.10/site-packages/lab04_pkg/__pycache__/ekf.cpython-310.pyc
/home/ema/SESAR/ros2_ws/install/lab04_pkg/lib/python3.10/site-packages/lab04_pkg/__pycache__/utils.cpython-310.pyc
/home/ema/SESAR/ros2_ws/install/lab04_pkg/lib/python3.10/site-packages/lab04_pkg/__pycache__/probabilistic_models.cpython-310.pyc
/home/ema/SESAR/ros2_ws/install/lab04_pkg/lib/python3.10/site-packages/lab04_pkg/__pycache__/landmarks.cpython-310.pyc
/home/ema/SESAR/ros2_ws/install/lab04_pkg/lib/python3.10/site-packages/lab04_pkg/__pycache__/controller.cpython-310.pyc
/home/ema/SESAR/ros2_ws/install/lab04_pkg/lib/python3.10/site-packages/lab04_pkg/__pycache__/__init__.cpython-310.pyc
/home/ema/SESAR/ros2_ws/install/lab04_pkg/lib/python3.10/site-packages/lab04_pkg/__pycache__/task0.cpython-310.pyc
/home/ema/SESAR/ros2_ws/install/lab04_pkg/lib/python3.10/site-packages/lab04_pkg/__pycache__/EKF_node.cpython-310.pyc
/home/ema/SESAR/ros2_ws/install/lab04_pkg/lib/python3.10/site-packages/lab04_pkg/__pycache__/plot_utils.cpython-310.pyc
/home/ema/SESAR/ros2_ws/install/lab04_pkg/lib/python3.10/site-packages/lab04_pkg/__pycache__/task3.cpython-310.pyc
/home/ema/SESAR/ros2_ws/install/lab04_pkg/lib/python3.10/site-packages/lab04_pkg/__pycache__/velocity_motion_model.cpython-310.pyc
/home/ema/SESAR/ros2_ws/install/lab04_pkg/lib/python3.10/site-packages/lab04_pkg/__pycache__/prova_landmarks.cpython-310.pyc
/home/ema/SESAR/ros2_ws/install/lab04_pkg/share/ament_index/resource_index/packages/lab04_pkg
/home/ema/SESAR/ros2_ws/install/lab04_pkg/share/lab04_pkg/package.xml
/home/ema/SESAR/ros2_ws/install/lab04_pkg/lib/python3.10/site-packages/lab04_pkg-0.0.0-py3.10.egg-info/dependency_links.txt
/home/ema/SESAR/ros2_ws/install/lab04_pkg/lib/python3.10/site-packages/lab04_pkg-0.0.0-py3.10.egg-info/PKG-INFO
/home/ema/SESAR/ros2_ws/install/lab04_pkg/lib/python3.10/site-packages/lab04_pkg-0.0.0-py3.10.egg-info/entry_points.txt
/home/ema/SESAR/ros2_ws/install/lab04_pkg/lib/python3.10/site-packages/lab04_pkg-0.0.0-py3.10.egg-info/zip-safe
/home/ema/SESAR/ros2_ws/install/lab04_pkg/lib/python3.10/site-packages/lab04_pkg-0.0.0-py3.10.egg-info/requires.txt
/home/ema/SESAR/ros2_ws/install/lab04_pkg/lib/python3.10/site-packages/lab04_pkg-0.0.0-py3.10.egg-info/top_level.txt
/home/ema/SESAR/ros2_ws/install/lab04_pkg/lib/python3.10/site-packages/lab04_pkg-0.0.0-py3.10.egg-info/SOURCES.txt
/home/ema/SESAR/ros2_ws/install/lab04_pkg/lib/lab04_pkg/controller
/home/ema/SESAR/ros2_ws/install/lab04_pkg/lib/lab04_pkg/ekf_node
/home/ema/SESAR/ros2_ws/install/lab04_pkg/lib/lab04_pkg/task3
