running egg_info
creating ../../build/lab03_pkg/lab03_pkg.egg-info
writing ../../build/lab03_pkg/lab03_pkg.egg-info/PKG-INFO
writing dependency_links to ../../build/lab03_pkg/lab03_pkg.egg-info/dependency_links.txt
writing entry points to ../../build/lab03_pkg/lab03_pkg.egg-info/entry_points.txt
writing requirements to ../../build/lab03_pkg/lab03_pkg.egg-info/requires.txt
writing top-level names to ../../build/lab03_pkg/lab03_pkg.egg-info/top_level.txt
writing manifest file '../../build/lab03_pkg/lab03_pkg.egg-info/SOURCES.txt'
reading manifest file '../../build/lab03_pkg/lab03_pkg.egg-info/SOURCES.txt'
adding license file 'LICENSE'
writing manifest file '../../build/lab03_pkg/lab03_pkg.egg-info/SOURCES.txt'
running build
running build_py
creating /home/ema/SESAR/ros2_ws/build/lab03_pkg/build
creating /home/ema/SESAR/ros2_ws/build/lab03_pkg/build/lib
creating /home/ema/SESAR/ros2_ws/build/lab03_pkg/build/lib/lab03_pkg
copying lab03_pkg/controller.py -> /home/ema/SESAR/ros2_ws/build/lab03_pkg/build/lib/lab03_pkg
copying lab03_pkg/__init__.py -> /home/ema/SESAR/ros2_ws/build/lab03_pkg/build/lib/lab03_pkg
running install
running install_lib
creating /home/ema/SESAR/ros2_ws/install/lab03_pkg/lib/python3.10/site-packages/lab03_pkg
copying /home/ema/SESAR/ros2_ws/build/lab03_pkg/build/lib/lab03_pkg/controller.py -> /home/ema/SESAR/ros2_ws/install/lab03_pkg/lib/python3.10/site-packages/lab03_pkg
copying /home/ema/SESAR/ros2_ws/build/lab03_pkg/build/lib/lab03_pkg/__init__.py -> /home/ema/SESAR/ros2_ws/install/lab03_pkg/lib/python3.10/site-packages/lab03_pkg
byte-compiling /home/ema/SESAR/ros2_ws/install/lab03_pkg/lib/python3.10/site-packages/lab03_pkg/controller.py to controller.cpython-310.pyc
byte-compiling /home/ema/SESAR/ros2_ws/install/lab03_pkg/lib/python3.10/site-packages/lab03_pkg/__init__.py to __init__.cpython-310.pyc
running install_data
creating /home/ema/SESAR/ros2_ws/install/lab03_pkg/share/ament_index
creating /home/ema/SESAR/ros2_ws/install/lab03_pkg/share/ament_index/resource_index
creating /home/ema/SESAR/ros2_ws/install/lab03_pkg/share/ament_index/resource_index/packages
copying resource/lab03_pkg -> /home/ema/SESAR/ros2_ws/install/lab03_pkg/share/ament_index/resource_index/packages
copying package.xml -> /home/ema/SESAR/ros2_ws/install/lab03_pkg/share/lab03_pkg
running install_egg_info
Copying ../../build/lab03_pkg/lab03_pkg.egg-info to /home/ema/SESAR/ros2_ws/install/lab03_pkg/lib/python3.10/site-packages/lab03_pkg-0.0.0-py3.10.egg-info
running install_scripts
Installing controller script to /home/ema/SESAR/ros2_ws/install/lab03_pkg/lib/lab03_pkg
writing list of installed files to '/home/ema/SESAR/ros2_ws/build/lab03_pkg/install.log'
