[1.193s] Invoking command in '/home/ema/SESAR/ros2_ws/src/lab03_pkg': PYTHONPATH=/home/ema/SESAR/ros2_ws/build/lab03_pkg/prefix_override:/usr/lib/python3/dist-packages/colcon_core/task/python/colcon_distutils_commands:/home/ema/SESAR/ros2_ws/install/lab03_pkg/lib/python3.10/site-packages:${PYTHONPATH} /usr/bin/python3 -W ignore:setup.py install is deprecated -W ignore:easy_install command is deprecated setup.py egg_info --egg-base ../../build/lab03_pkg build --build-base /home/ema/SESAR/ros2_ws/build/lab03_pkg/build install --record /home/ema/SESAR/ros2_ws/build/lab03_pkg/install.log --single-version-externally-managed install_data
[1.394s] running egg_info
[1.395s] creating ../../build/lab03_pkg/lab03_pkg.egg-info
[1.396s] writing ../../build/lab03_pkg/lab03_pkg.egg-info/PKG-INFO
[1.396s] writing dependency_links to ../../build/lab03_pkg/lab03_pkg.egg-info/dependency_links.txt
[1.397s] writing entry points to ../../build/lab03_pkg/lab03_pkg.egg-info/entry_points.txt
[1.397s] writing requirements to ../../build/lab03_pkg/lab03_pkg.egg-info/requires.txt
[1.397s] writing top-level names to ../../build/lab03_pkg/lab03_pkg.egg-info/top_level.txt
[1.398s] writing manifest file '../../build/lab03_pkg/lab03_pkg.egg-info/SOURCES.txt'
[1.399s] reading manifest file '../../build/lab03_pkg/lab03_pkg.egg-info/SOURCES.txt'
[1.399s] adding license file 'LICENSE'
[1.400s] writing manifest file '../../build/lab03_pkg/lab03_pkg.egg-info/SOURCES.txt'
[1.400s] running build
[1.401s] running build_py
[1.401s] creating /home/ema/SESAR/ros2_ws/build/lab03_pkg/build
[1.401s] creating /home/ema/SESAR/ros2_ws/build/lab03_pkg/build/lib
[1.401s] creating /home/ema/SESAR/ros2_ws/build/lab03_pkg/build/lib/lab03_pkg
[1.401s] copying lab03_pkg/controller.py -> /home/ema/SESAR/ros2_ws/build/lab03_pkg/build/lib/lab03_pkg
[1.401s] copying lab03_pkg/__init__.py -> /home/ema/SESAR/ros2_ws/build/lab03_pkg/build/lib/lab03_pkg
[1.401s] running install
[1.401s] running install_lib
[1.403s] creating /home/ema/SESAR/ros2_ws/install/lab03_pkg/lib/python3.10/site-packages/lab03_pkg
[1.403s] copying /home/ema/SESAR/ros2_ws/build/lab03_pkg/build/lib/lab03_pkg/controller.py -> /home/ema/SESAR/ros2_ws/install/lab03_pkg/lib/python3.10/site-packages/lab03_pkg
[1.403s] copying /home/ema/SESAR/ros2_ws/build/lab03_pkg/build/lib/lab03_pkg/__init__.py -> /home/ema/SESAR/ros2_ws/install/lab03_pkg/lib/python3.10/site-packages/lab03_pkg
[1.403s] byte-compiling /home/ema/SESAR/ros2_ws/install/lab03_pkg/lib/python3.10/site-packages/lab03_pkg/controller.py to controller.cpython-310.pyc
[1.410s] byte-compiling /home/ema/SESAR/ros2_ws/install/lab03_pkg/lib/python3.10/site-packages/lab03_pkg/__init__.py to __init__.cpython-310.pyc
[1.411s] running install_data
[1.411s] creating /home/ema/SESAR/ros2_ws/install/lab03_pkg/share/ament_index
[1.411s] creating /home/ema/SESAR/ros2_ws/install/lab03_pkg/share/ament_index/resource_index
[1.412s] creating /home/ema/SESAR/ros2_ws/install/lab03_pkg/share/ament_index/resource_index/packages
[1.412s] copying resource/lab03_pkg -> /home/ema/SESAR/ros2_ws/install/lab03_pkg/share/ament_index/resource_index/packages
[1.413s] copying package.xml -> /home/ema/SESAR/ros2_ws/install/lab03_pkg/share/lab03_pkg
[1.413s] running install_egg_info
[1.416s] Copying ../../build/lab03_pkg/lab03_pkg.egg-info to /home/ema/SESAR/ros2_ws/install/lab03_pkg/lib/python3.10/site-packages/lab03_pkg-0.0.0-py3.10.egg-info
[1.417s] running install_scripts
[1.436s] Installing controller script to /home/ema/SESAR/ros2_ws/install/lab03_pkg/lib/lab03_pkg
[1.436s] writing list of installed files to '/home/ema/SESAR/ros2_ws/build/lab03_pkg/install.log'
[1.474s] Invoked command in '/home/ema/SESAR/ros2_ws/src/lab03_pkg' returned '0': PYTHONPATH=/home/ema/SESAR/ros2_ws/build/lab03_pkg/prefix_override:/usr/lib/python3/dist-packages/colcon_core/task/python/colcon_distutils_commands:/home/ema/SESAR/ros2_ws/install/lab03_pkg/lib/python3.10/site-packages:${PYTHONPATH} /usr/bin/python3 -W ignore:setup.py install is deprecated -W ignore:easy_install command is deprecated setup.py egg_info --egg-base ../../build/lab03_pkg build --build-base /home/ema/SESAR/ros2_ws/build/lab03_pkg/build install --record /home/ema/SESAR/ros2_ws/build/lab03_pkg/install.log --single-version-externally-managed install_data
