running egg_info
creating ../../build/lab04_pkg/lab04_pkg.egg-info
writing ../../build/lab04_pkg/lab04_pkg.egg-info/PKG-INFO
writing dependency_links to ../../build/lab04_pkg/lab04_pkg.egg-info/dependency_links.txt
writing entry points to ../../build/lab04_pkg/lab04_pkg.egg-info/entry_points.txt
writing requirements to ../../build/lab04_pkg/lab04_pkg.egg-info/requires.txt
writing top-level names to ../../build/lab04_pkg/lab04_pkg.egg-info/top_level.txt
writing manifest file '../../build/lab04_pkg/lab04_pkg.egg-info/SOURCES.txt'
reading manifest file '../../build/lab04_pkg/lab04_pkg.egg-info/SOURCES.txt'
adding license file 'LICENSE'
writing manifest file '../../build/lab04_pkg/lab04_pkg.egg-info/SOURCES.txt'
running build
running build_py
creating /home/ema/SESAR/ros2_ws/build/lab04_pkg/build
creating /home/ema/SESAR/ros2_ws/build/lab04_pkg/build/lib
creating /home/ema/SESAR/ros2_ws/build/lab04_pkg/build/lib/lab04_pkg
copying lab04_pkg/ekf.py -> /home/ema/SESAR/ros2_ws/build/lab04_pkg/build/lib/lab04_pkg
copying lab04_pkg/utils.py -> /home/ema/SESAR/ros2_ws/build/lab04_pkg/build/lib/lab04_pkg
copying lab04_pkg/probabilistic_models.py -> /home/ema/SESAR/ros2_ws/build/lab04_pkg/build/lib/lab04_pkg
copying lab04_pkg/landmarks.py -> /home/ema/SESAR/ros2_ws/build/lab04_pkg/build/lib/lab04_pkg
copying lab04_pkg/controller.py -> /home/ema/SESAR/ros2_ws/build/lab04_pkg/build/lib/lab04_pkg
copying lab04_pkg/__init__.py -> /home/ema/SESAR/ros2_ws/build/lab04_pkg/build/lib/lab04_pkg
copying lab04_pkg/task0.py -> /home/ema/SESAR/ros2_ws/build/lab04_pkg/build/lib/lab04_pkg
copying lab04_pkg/EKF_node.py -> /home/ema/SESAR/ros2_ws/build/lab04_pkg/build/lib/lab04_pkg
copying lab04_pkg/plot_utils.py -> /home/ema/SESAR/ros2_ws/build/lab04_pkg/build/lib/lab04_pkg
copying lab04_pkg/task3.py -> /home/ema/SESAR/ros2_ws/build/lab04_pkg/build/lib/lab04_pkg
copying lab04_pkg/velocity_motion_model.py -> /home/ema/SESAR/ros2_ws/build/lab04_pkg/build/lib/lab04_pkg
copying lab04_pkg/prova_landmarks.py -> /home/ema/SESAR/ros2_ws/build/lab04_pkg/build/lib/lab04_pkg
running install
running install_lib
creating /home/ema/SESAR/ros2_ws/install/lab04_pkg/lib/python3.10/site-packages/lab04_pkg
copying /home/ema/SESAR/ros2_ws/build/lab04_pkg/build/lib/lab04_pkg/ekf.py -> /home/ema/SESAR/ros2_ws/install/lab04_pkg/lib/python3.10/site-packages/lab04_pkg
copying /home/ema/SESAR/ros2_ws/build/lab04_pkg/build/lib/lab04_pkg/utils.py -> /home/ema/SESAR/ros2_ws/install/lab04_pkg/lib/python3.10/site-packages/lab04_pkg
copying /home/ema/SESAR/ros2_ws/build/lab04_pkg/build/lib/lab04_pkg/probabilistic_models.py -> /home/ema/SESAR/ros2_ws/install/lab04_pkg/lib/python3.10/site-packages/lab04_pkg
copying /home/ema/SESAR/ros2_ws/build/lab04_pkg/build/lib/lab04_pkg/landmarks.py -> /home/ema/SESAR/ros2_ws/install/lab04_pkg/lib/python3.10/site-packages/lab04_pkg
copying /home/ema/SESAR/ros2_ws/build/lab04_pkg/build/lib/lab04_pkg/controller.py -> /home/ema/SESAR/ros2_ws/install/lab04_pkg/lib/python3.10/site-packages/lab04_pkg
copying /home/ema/SESAR/ros2_ws/build/lab04_pkg/build/lib/lab04_pkg/__init__.py -> /home/ema/SESAR/ros2_ws/install/lab04_pkg/lib/python3.10/site-packages/lab04_pkg
copying /home/ema/SESAR/ros2_ws/build/lab04_pkg/build/lib/lab04_pkg/task0.py -> /home/ema/SESAR/ros2_ws/install/lab04_pkg/lib/python3.10/site-packages/lab04_pkg
copying /home/ema/SESAR/ros2_ws/build/lab04_pkg/build/lib/lab04_pkg/EKF_node.py -> /home/ema/SESAR/ros2_ws/install/lab04_pkg/lib/python3.10/site-packages/lab04_pkg
copying /home/ema/SESAR/ros2_ws/build/lab04_pkg/build/lib/lab04_pkg/plot_utils.py -> /home/ema/SESAR/ros2_ws/install/lab04_pkg/lib/python3.10/site-packages/lab04_pkg
copying /home/ema/SESAR/ros2_ws/build/lab04_pkg/build/lib/lab04_pkg/task3.py -> /home/ema/SESAR/ros2_ws/install/lab04_pkg/lib/python3.10/site-packages/lab04_pkg
copying /home/ema/SESAR/ros2_ws/build/lab04_pkg/build/lib/lab04_pkg/velocity_motion_model.py -> /home/ema/SESAR/ros2_ws/install/lab04_pkg/lib/python3.10/site-packages/lab04_pkg
copying /home/ema/SESAR/ros2_ws/build/lab04_pkg/build/lib/lab04_pkg/prova_landmarks.py -> /home/ema/SESAR/ros2_ws/install/lab04_pkg/lib/python3.10/site-packages/lab04_pkg
byte-compiling /home/ema/SESAR/ros2_ws/install/lab04_pkg/lib/python3.10/site-packages/lab04_pkg/ekf.py to ekf.cpython-310.pyc
byte-compiling /home/ema/SESAR/ros2_ws/install/lab04_pkg/lib/python3.10/site-packages/lab04_pkg/utils.py to utils.cpython-310.pyc
byte-compiling /home/ema/SESAR/ros2_ws/install/lab04_pkg/lib/python3.10/site-packages/lab04_pkg/probabilistic_models.py to probabilistic_models.cpython-310.pyc
byte-compiling /home/ema/SESAR/ros2_ws/install/lab04_pkg/lib/python3.10/site-packages/lab04_pkg/landmarks.py to landmarks.cpython-310.pyc
byte-compiling /home/ema/SESAR/ros2_ws/install/lab04_pkg/lib/python3.10/site-packages/lab04_pkg/controller.py to controller.cpython-310.pyc
byte-compiling /home/ema/SESAR/ros2_ws/install/lab04_pkg/lib/python3.10/site-packages/lab04_pkg/__init__.py to __init__.cpython-310.pyc
byte-compiling /home/ema/SESAR/ros2_ws/install/lab04_pkg/lib/python3.10/site-packages/lab04_pkg/task0.py to task0.cpython-310.pyc
byte-compiling /home/ema/SESAR/ros2_ws/install/lab04_pkg/lib/python3.10/site-packages/lab04_pkg/EKF_node.py to EKF_node.cpython-310.pyc
byte-compiling /home/ema/SESAR/ros2_ws/install/lab04_pkg/lib/python3.10/site-packages/lab04_pkg/plot_utils.py to plot_utils.cpython-310.pyc
byte-compiling /home/ema/SESAR/ros2_ws/install/lab04_pkg/lib/python3.10/site-packages/lab04_pkg/task3.py to task3.cpython-310.pyc
byte-compiling /home/ema/SESAR/ros2_ws/install/lab04_pkg/lib/python3.10/site-packages/lab04_pkg/velocity_motion_model.py to velocity_motion_model.cpython-310.pyc
byte-compiling /home/ema/SESAR/ros2_ws/install/lab04_pkg/lib/python3.10/site-packages/lab04_pkg/prova_landmarks.py to prova_landmarks.cpython-310.pyc
running install_data
creating /home/ema/SESAR/ros2_ws/install/lab04_pkg/share/ament_index
creating /home/ema/SESAR/ros2_ws/install/lab04_pkg/share/ament_index/resource_index
creating /home/ema/SESAR/ros2_ws/install/lab04_pkg/share/ament_index/resource_index/packages
copying resource/lab04_pkg -> /home/ema/SESAR/ros2_ws/install/lab04_pkg/share/ament_index/resource_index/packages
copying package.xml -> /home/ema/SESAR/ros2_ws/install/lab04_pkg/share/lab04_pkg
running install_egg_info
Copying ../../build/lab04_pkg/lab04_pkg.egg-info to /home/ema/SESAR/ros2_ws/install/lab04_pkg/lib/python3.10/site-packages/lab04_pkg-0.0.0-py3.10.egg-info
running install_scripts
Installing controller script to /home/ema/SESAR/ros2_ws/install/lab04_pkg/lib/lab04_pkg
Installing ekf_node script to /home/ema/SESAR/ros2_ws/install/lab04_pkg/lib/lab04_pkg
Installing task3 script to /home/ema/SESAR/ros2_ws/install/lab04_pkg/lib/lab04_pkg
writing list of installed files to '/home/ema/SESAR/ros2_ws/build/lab04_pkg/install.log'
