[0.101s] Invoking command in '/home/ema/SESAR/ros2_ws/build/turtlebot3_simulations': CMAKE_PREFIX_PATH=/home/ema/SESAR/ros2_ws/install/turtlebot3_fake_node:/home/ema/SESAR/ros2_ws/install/turtlebot3_simulations:/home/ema/SESAR/ros2_ws/install/turtlebot3_gazebo:/home/ema/SESAR/ros2_ws/install/landmark_msgs:/home/ema/SESAR/ros2_ws/install/turtlebot3_perception:/home/ema/SESAR/ros2_ws/install/my_package:/home/ema/SESAR/ros2_ws/install/lab04_pkg:/home/ema/SESAR/ros2_ws/install/lab03_pkg:/home/ema/SESAR/ros2_ws/install/lab02_pkg:/home/ema/SESAR/ros2_ws/install/lab01_pkg:/opt/ros/humble /usr/bin/cmake /home/ema/SESAR/ros2_ws/src/turtlebot3_simulations/turtlebot3_simulations -DCMAKE_INSTALL_PREFIX=/home/ema/SESAR/ros2_ws/install/turtlebot3_simulations
[0.340s] -- The C compiler identification is GNU 11.4.0
[1.392s] -- The CXX compiler identification is GNU 11.4.0
[2.325s] -- Detecting C compiler ABI info
[2.587s] -- Detecting C compiler ABI info - done
[2.592s] -- Check for working C compiler: /usr/bin/cc - skipped
[2.593s] -- Detecting C compile features
[2.593s] -- Detecting C compile features - done
[2.595s] -- Detecting CXX compiler ABI info
[2.915s] -- Detecting CXX compiler ABI info - done
[2.922s] -- Check for working CXX compiler: /usr/bin/c++ - skipped
[2.922s] -- Detecting CXX compile features
[2.923s] -- Detecting CXX compile features - done
[2.925s] -- Found ament_cmake: 1.3.12 (/opt/ros/humble/share/ament_cmake/cmake)
[3.052s] -- Found Python3: /usr/bin/python3 (found version "3.10.12") found components: Interpreter 
[3.185s] -- Configuring done
[3.187s] -- Generating done
[3.189s] -- Build files have been written to: /home/ema/SESAR/ros2_ws/build/turtlebot3_simulations
[3.193s] Invoked command in '/home/ema/SESAR/ros2_ws/build/turtlebot3_simulations' returned '0': CMAKE_PREFIX_PATH=/home/ema/SESAR/ros2_ws/install/turtlebot3_fake_node:/home/ema/SESAR/ros2_ws/install/turtlebot3_simulations:/home/ema/SESAR/ros2_ws/install/turtlebot3_gazebo:/home/ema/SESAR/ros2_ws/install/landmark_msgs:/home/ema/SESAR/ros2_ws/install/turtlebot3_perception:/home/ema/SESAR/ros2_ws/install/my_package:/home/ema/SESAR/ros2_ws/install/lab04_pkg:/home/ema/SESAR/ros2_ws/install/lab03_pkg:/home/ema/SESAR/ros2_ws/install/lab02_pkg:/home/ema/SESAR/ros2_ws/install/lab01_pkg:/opt/ros/humble /usr/bin/cmake /home/ema/SESAR/ros2_ws/src/turtlebot3_simulations/turtlebot3_simulations -DCMAKE_INSTALL_PREFIX=/home/ema/SESAR/ros2_ws/install/turtlebot3_simulations
[3.195s] Invoking command in '/home/ema/SESAR/ros2_ws/build/turtlebot3_simulations': CMAKE_PREFIX_PATH=/home/ema/SESAR/ros2_ws/install/turtlebot3_fake_node:/home/ema/SESAR/ros2_ws/install/turtlebot3_simulations:/home/ema/SESAR/ros2_ws/install/turtlebot3_gazebo:/home/ema/SESAR/ros2_ws/install/landmark_msgs:/home/ema/SESAR/ros2_ws/install/turtlebot3_perception:/home/ema/SESAR/ros2_ws/install/my_package:/home/ema/SESAR/ros2_ws/install/lab04_pkg:/home/ema/SESAR/ros2_ws/install/lab03_pkg:/home/ema/SESAR/ros2_ws/install/lab02_pkg:/home/ema/SESAR/ros2_ws/install/lab01_pkg:/opt/ros/humble /usr/bin/cmake --build /home/ema/SESAR/ros2_ws/build/turtlebot3_simulations -- -j20 -l20
[3.224s] Invoked command in '/home/ema/SESAR/ros2_ws/build/turtlebot3_simulations' returned '0': CMAKE_PREFIX_PATH=/home/ema/SESAR/ros2_ws/install/turtlebot3_fake_node:/home/ema/SESAR/ros2_ws/install/turtlebot3_simulations:/home/ema/SESAR/ros2_ws/install/turtlebot3_gazebo:/home/ema/SESAR/ros2_ws/install/landmark_msgs:/home/ema/SESAR/ros2_ws/install/turtlebot3_perception:/home/ema/SESAR/ros2_ws/install/my_package:/home/ema/SESAR/ros2_ws/install/lab04_pkg:/home/ema/SESAR/ros2_ws/install/lab03_pkg:/home/ema/SESAR/ros2_ws/install/lab02_pkg:/home/ema/SESAR/ros2_ws/install/lab01_pkg:/opt/ros/humble /usr/bin/cmake --build /home/ema/SESAR/ros2_ws/build/turtlebot3_simulations -- -j20 -l20
[3.226s] Invoking command in '/home/ema/SESAR/ros2_ws/build/turtlebot3_simulations': CMAKE_PREFIX_PATH=/home/ema/SESAR/ros2_ws/install/turtlebot3_fake_node:/home/ema/SESAR/ros2_ws/install/turtlebot3_simulations:/home/ema/SESAR/ros2_ws/install/turtlebot3_gazebo:/home/ema/SESAR/ros2_ws/install/landmark_msgs:/home/ema/SESAR/ros2_ws/install/turtlebot3_perception:/home/ema/SESAR/ros2_ws/install/my_package:/home/ema/SESAR/ros2_ws/install/lab04_pkg:/home/ema/SESAR/ros2_ws/install/lab03_pkg:/home/ema/SESAR/ros2_ws/install/lab02_pkg:/home/ema/SESAR/ros2_ws/install/lab01_pkg:/opt/ros/humble /usr/bin/cmake --install /home/ema/SESAR/ros2_ws/build/turtlebot3_simulations
[3.232s] -- Install configuration: ""
[3.233s] -- Installing: /home/ema/SESAR/ros2_ws/install/turtlebot3_simulations/share/ament_index/resource_index/package_run_dependencies/turtlebot3_simulations
[3.233s] -- Installing: /home/ema/SESAR/ros2_ws/install/turtlebot3_simulations/share/ament_index/resource_index/parent_prefix_path/turtlebot3_simulations
[3.233s] -- Installing: /home/ema/SESAR/ros2_ws/install/turtlebot3_simulations/share/turtlebot3_simulations/environment/ament_prefix_path.sh
[3.233s] -- Installing: /home/ema/SESAR/ros2_ws/install/turtlebot3_simulations/share/turtlebot3_simulations/environment/ament_prefix_path.dsv
[3.234s] -- Installing: /home/ema/SESAR/ros2_ws/install/turtlebot3_simulations/share/turtlebot3_simulations/environment/path.sh
[3.234s] -- Installing: /home/ema/SESAR/ros2_ws/install/turtlebot3_simulations/share/turtlebot3_simulations/environment/path.dsv
[3.234s] -- Installing: /home/ema/SESAR/ros2_ws/install/turtlebot3_simulations/share/turtlebot3_simulations/local_setup.bash
[3.234s] -- Installing: /home/ema/SESAR/ros2_ws/install/turtlebot3_simulations/share/turtlebot3_simulations/local_setup.sh
[3.234s] -- Installing: /home/ema/SESAR/ros2_ws/install/turtlebot3_simulations/share/turtlebot3_simulations/local_setup.zsh
[3.234s] -- Installing: /home/ema/SESAR/ros2_ws/install/turtlebot3_simulations/share/turtlebot3_simulations/local_setup.dsv
[3.234s] -- Installing: /home/ema/SESAR/ros2_ws/install/turtlebot3_simulations/share/turtlebot3_simulations/package.dsv
[3.235s] -- Installing: /home/ema/SESAR/ros2_ws/install/turtlebot3_simulations/share/ament_index/resource_index/packages/turtlebot3_simulations
[3.235s] -- Installing: /home/ema/SESAR/ros2_ws/install/turtlebot3_simulations/share/turtlebot3_simulations/cmake/turtlebot3_simulationsConfig.cmake
[3.235s] -- Installing: /home/ema/SESAR/ros2_ws/install/turtlebot3_simulations/share/turtlebot3_simulations/cmake/turtlebot3_simulationsConfig-version.cmake
[3.235s] -- Installing: /home/ema/SESAR/ros2_ws/install/turtlebot3_simulations/share/turtlebot3_simulations/package.xml
[3.237s] Invoked command in '/home/ema/SESAR/ros2_ws/build/turtlebot3_simulations' returned '0': CMAKE_PREFIX_PATH=/home/ema/SESAR/ros2_ws/install/turtlebot3_fake_node:/home/ema/SESAR/ros2_ws/install/turtlebot3_simulations:/home/ema/SESAR/ros2_ws/install/turtlebot3_gazebo:/home/ema/SESAR/ros2_ws/install/landmark_msgs:/home/ema/SESAR/ros2_ws/install/turtlebot3_perception:/home/ema/SESAR/ros2_ws/install/my_package:/home/ema/SESAR/ros2_ws/install/lab04_pkg:/home/ema/SESAR/ros2_ws/install/lab03_pkg:/home/ema/SESAR/ros2_ws/install/lab02_pkg:/home/ema/SESAR/ros2_ws/install/lab01_pkg:/opt/ros/humble /usr/bin/cmake --install /home/ema/SESAR/ros2_ws/build/turtlebot3_simulations
