[0.039s] Invoking command in '/home/ema/SESAR/ros2_ws/build/turtlebot3_fake_node': CMAKE_PREFIX_PATH=${CMAKE_PREFIX_PATH}:/home/ema/SESAR/ros2_ws/install/turtlebot3_perception:/home/ema/SESAR/ros2_ws/install/my_package:/home/ema/SESAR/ros2_ws/install/lab04_pkg:/home/ema/SESAR/ros2_ws/install/lab03_pkg:/home/ema/SESAR/ros2_ws/install/lab02_pkg:/home/ema/SESAR/ros2_ws/install/lab01_pkg:/opt/ros/humble /usr/bin/cmake /home/ema/SESAR/ros2_ws/src/turtlebot3_simulations/turtlebot3_fake_node -DCMAKE_INSTALL_PREFIX=/home/ema/SESAR/ros2_ws/install/turtlebot3_fake_node
[0.839s] -- The C compiler identification is GNU 11.4.0
[0.966s] -- The CXX compiler identification is GNU 11.4.0
[1.439s] -- Detecting C compiler ABI info
[1.688s] -- Detecting C compiler ABI info - done
[1.693s] -- Check for working C compiler: /usr/bin/cc - skipped
[1.693s] -- Detecting C compile features
[1.693s] -- Detecting C compile features - done
[1.695s] -- Detecting CXX compiler ABI info
[1.972s] -- Detecting CXX compiler ABI info - done
[1.984s] -- Check for working CXX compiler: /usr/bin/c++ - skipped
[1.984s] -- Detecting CXX compile features
[1.986s] -- Detecting CXX compile features - done
[1.990s] -- Found ament_cmake: 1.3.12 (/opt/ros/humble/share/ament_cmake/cmake)
[2.155s] -- Found Python3: /usr/bin/python3 (found version "3.10.12") found components: Interpreter 
[2.248s] -- Found geometry_msgs: 4.9.0 (/opt/ros/humble/share/geometry_msgs/cmake)
[2.558s] -- Found rosidl_generator_c: 3.1.7 (/opt/ros/humble/share/rosidl_generator_c/cmake)
[2.562s] -- Found rosidl_adapter: 3.1.7 (/opt/ros/humble/share/rosidl_adapter/cmake)
[2.571s] -- Found rosidl_generator_cpp: 3.1.7 (/opt/ros/humble/share/rosidl_generator_cpp/cmake)
[2.581s] -- Using all available rosidl_typesupport_c: rosidl_typesupport_fastrtps_c;rosidl_typesupport_introspection_c
[2.596s] -- Using all available rosidl_typesupport_cpp: rosidl_typesupport_fastrtps_cpp;rosidl_typesupport_introspection_cpp
[2.639s] -- Found nav_msgs: 4.9.0 (/opt/ros/humble/share/nav_msgs/cmake)
[2.667s] -- Found rclcpp: 16.0.15 (/opt/ros/humble/share/rclcpp/cmake)
[2.740s] -- Found rmw_implementation_cmake: 6.1.2 (/opt/ros/humble/share/rmw_implementation_cmake/cmake)
[2.747s] -- Found rmw_fastrtps_cpp: 6.2.8 (/opt/ros/humble/share/rmw_fastrtps_cpp/cmake)
[5.759s] -- Found OpenSSL: /usr/lib/x86_64-linux-gnu/libcrypto.so (found version "3.0.2")  
[8.956s] -- Found FastRTPS: /opt/ros/humble/include  
[14.649s] -- Using RMW implementation 'rmw_fastrtps_cpp' as default
[14.663s] -- Looking for pthread.h
[14.907s] -- Looking for pthread.h - found
[14.907s] -- Performing Test CMAKE_HAVE_LIBC_PTHREAD
[15.151s] -- Performing Test CMAKE_HAVE_LIBC_PTHREAD - Success
[15.151s] -- Found Threads: TRUE  
[15.207s] -- Found sensor_msgs: 4.9.0 (/opt/ros/humble/share/sensor_msgs/cmake)
[15.230s] -- Found tf2: 0.25.16 (/opt/ros/humble/share/tf2/cmake)
[15.244s] -- Found tf2_msgs: 0.25.16 (/opt/ros/humble/share/tf2_msgs/cmake)
[15.300s] -- Found turtlebot3_msgs: 2.4.0 (/opt/ros/humble/share/turtlebot3_msgs/cmake)
[15.385s] -- Configuring done
[15.396s] -- Generating done
[15.400s] -- Build files have been written to: /home/ema/SESAR/ros2_ws/build/turtlebot3_fake_node
[15.410s] Invoked command in '/home/ema/SESAR/ros2_ws/build/turtlebot3_fake_node' returned '0': CMAKE_PREFIX_PATH=${CMAKE_PREFIX_PATH}:/home/ema/SESAR/ros2_ws/install/turtlebot3_perception:/home/ema/SESAR/ros2_ws/install/my_package:/home/ema/SESAR/ros2_ws/install/lab04_pkg:/home/ema/SESAR/ros2_ws/install/lab03_pkg:/home/ema/SESAR/ros2_ws/install/lab02_pkg:/home/ema/SESAR/ros2_ws/install/lab01_pkg:/opt/ros/humble /usr/bin/cmake /home/ema/SESAR/ros2_ws/src/turtlebot3_simulations/turtlebot3_fake_node -DCMAKE_INSTALL_PREFIX=/home/ema/SESAR/ros2_ws/install/turtlebot3_fake_node
[15.412s] Invoking command in '/home/ema/SESAR/ros2_ws/build/turtlebot3_fake_node': CMAKE_PREFIX_PATH=${CMAKE_PREFIX_PATH}:/home/ema/SESAR/ros2_ws/install/turtlebot3_perception:/home/ema/SESAR/ros2_ws/install/my_package:/home/ema/SESAR/ros2_ws/install/lab04_pkg:/home/ema/SESAR/ros2_ws/install/lab03_pkg:/home/ema/SESAR/ros2_ws/install/lab02_pkg:/home/ema/SESAR/ros2_ws/install/lab01_pkg:/opt/ros/humble /usr/bin/cmake --build /home/ema/SESAR/ros2_ws/build/turtlebot3_fake_node -- -j20 -l20
[15.465s] [ 50%] [32mBuilding CXX object CMakeFiles/turtlebot3_fake_node.dir/src/turtlebot3_fake_node.cpp.o[0m
[24.009s] [100%] [32m[1mLinking CXX executable turtlebot3_fake_node[0m
[24.540s] [100%] Built target turtlebot3_fake_node
[24.551s] Invoked command in '/home/ema/SESAR/ros2_ws/build/turtlebot3_fake_node' returned '0': CMAKE_PREFIX_PATH=${CMAKE_PREFIX_PATH}:/home/ema/SESAR/ros2_ws/install/turtlebot3_perception:/home/ema/SESAR/ros2_ws/install/my_package:/home/ema/SESAR/ros2_ws/install/lab04_pkg:/home/ema/SESAR/ros2_ws/install/lab03_pkg:/home/ema/SESAR/ros2_ws/install/lab02_pkg:/home/ema/SESAR/ros2_ws/install/lab01_pkg:/opt/ros/humble /usr/bin/cmake --build /home/ema/SESAR/ros2_ws/build/turtlebot3_fake_node -- -j20 -l20
[24.554s] Invoking command in '/home/ema/SESAR/ros2_ws/build/turtlebot3_fake_node': CMAKE_PREFIX_PATH=${CMAKE_PREFIX_PATH}:/home/ema/SESAR/ros2_ws/install/turtlebot3_perception:/home/ema/SESAR/ros2_ws/install/my_package:/home/ema/SESAR/ros2_ws/install/lab04_pkg:/home/ema/SESAR/ros2_ws/install/lab03_pkg:/home/ema/SESAR/ros2_ws/install/lab02_pkg:/home/ema/SESAR/ros2_ws/install/lab01_pkg:/opt/ros/humble /usr/bin/cmake --install /home/ema/SESAR/ros2_ws/build/turtlebot3_fake_node
[24.560s] -- Install configuration: ""
[24.561s] -- Installing: /home/ema/SESAR/ros2_ws/install/turtlebot3_fake_node/lib/turtlebot3_fake_node/turtlebot3_fake_node
[24.563s] -- Set runtime path of "/home/ema/SESAR/ros2_ws/install/turtlebot3_fake_node/lib/turtlebot3_fake_node/turtlebot3_fake_node" to ""
[24.563s] -- Installing: /home/ema/SESAR/ros2_ws/install/turtlebot3_fake_node/share/turtlebot3_fake_node/launch
[24.564s] -- Installing: /home/ema/SESAR/ros2_ws/install/turtlebot3_fake_node/share/turtlebot3_fake_node/launch/rviz2.launch.py
[24.564s] -- Installing: /home/ema/SESAR/ros2_ws/install/turtlebot3_fake_node/share/turtlebot3_fake_node/launch/turtlebot3_fake_node.launch.py
[24.564s] -- Installing: /home/ema/SESAR/ros2_ws/install/turtlebot3_fake_node/share/turtlebot3_fake_node/param
[24.564s] -- Installing: /home/ema/SESAR/ros2_ws/install/turtlebot3_fake_node/share/turtlebot3_fake_node/param/burger.yaml
[24.564s] -- Installing: /home/ema/SESAR/ros2_ws/install/turtlebot3_fake_node/share/turtlebot3_fake_node/param/waffle_pi.yaml
[24.564s] -- Installing: /home/ema/SESAR/ros2_ws/install/turtlebot3_fake_node/share/turtlebot3_fake_node/param/waffle.yaml
[24.564s] -- Installing: /home/ema/SESAR/ros2_ws/install/turtlebot3_fake_node/include/
[24.565s] -- Installing: /home/ema/SESAR/ros2_ws/install/turtlebot3_fake_node/include//turtlebot3_fake_node
[24.565s] -- Installing: /home/ema/SESAR/ros2_ws/install/turtlebot3_fake_node/include//turtlebot3_fake_node/turtlebot3_fake_node.hpp
[24.565s] -- Installing: /home/ema/SESAR/ros2_ws/install/turtlebot3_fake_node/share/ament_index/resource_index/package_run_dependencies/turtlebot3_fake_node
[24.565s] -- Installing: /home/ema/SESAR/ros2_ws/install/turtlebot3_fake_node/share/ament_index/resource_index/parent_prefix_path/turtlebot3_fake_node
[24.565s] -- Installing: /home/ema/SESAR/ros2_ws/install/turtlebot3_fake_node/share/turtlebot3_fake_node/environment/ament_prefix_path.sh
[24.566s] -- Installing: /home/ema/SESAR/ros2_ws/install/turtlebot3_fake_node/share/turtlebot3_fake_node/environment/ament_prefix_path.dsv
[24.566s] -- Installing: /home/ema/SESAR/ros2_ws/install/turtlebot3_fake_node/share/turtlebot3_fake_node/environment/path.sh
[24.566s] -- Installing: /home/ema/SESAR/ros2_ws/install/turtlebot3_fake_node/share/turtlebot3_fake_node/environment/path.dsv
[24.566s] -- Installing: /home/ema/SESAR/ros2_ws/install/turtlebot3_fake_node/share/turtlebot3_fake_node/local_setup.bash
[24.566s] -- Installing: /home/ema/SESAR/ros2_ws/install/turtlebot3_fake_node/share/turtlebot3_fake_node/local_setup.sh
[24.566s] -- Installing: /home/ema/SESAR/ros2_ws/install/turtlebot3_fake_node/share/turtlebot3_fake_node/local_setup.zsh
[24.566s] -- Installing: /home/ema/SESAR/ros2_ws/install/turtlebot3_fake_node/share/turtlebot3_fake_node/local_setup.dsv
[24.567s] -- Installing: /home/ema/SESAR/ros2_ws/install/turtlebot3_fake_node/share/turtlebot3_fake_node/package.dsv
[24.567s] -- Installing: /home/ema/SESAR/ros2_ws/install/turtlebot3_fake_node/share/ament_index/resource_index/packages/turtlebot3_fake_node
[24.567s] -- Installing: /home/ema/SESAR/ros2_ws/install/turtlebot3_fake_node/share/turtlebot3_fake_node/cmake/ament_cmake_export_include_directories-extras.cmake
[24.567s] -- Installing: /home/ema/SESAR/ros2_ws/install/turtlebot3_fake_node/share/turtlebot3_fake_node/cmake/ament_cmake_export_dependencies-extras.cmake
[24.567s] -- Installing: /home/ema/SESAR/ros2_ws/install/turtlebot3_fake_node/share/turtlebot3_fake_node/cmake/turtlebot3_fake_nodeConfig.cmake
[24.567s] -- Installing: /home/ema/SESAR/ros2_ws/install/turtlebot3_fake_node/share/turtlebot3_fake_node/cmake/turtlebot3_fake_nodeConfig-version.cmake
[24.567s] -- Installing: /home/ema/SESAR/ros2_ws/install/turtlebot3_fake_node/share/turtlebot3_fake_node/package.xml
[24.569s] Invoked command in '/home/ema/SESAR/ros2_ws/build/turtlebot3_fake_node' returned '0': CMAKE_PREFIX_PATH=${CMAKE_PREFIX_PATH}:/home/ema/SESAR/ros2_ws/install/turtlebot3_perception:/home/ema/SESAR/ros2_ws/install/my_package:/home/ema/SESAR/ros2_ws/install/lab04_pkg:/home/ema/SESAR/ros2_ws/install/lab03_pkg:/home/ema/SESAR/ros2_ws/install/lab02_pkg:/home/ema/SESAR/ros2_ws/install/lab01_pkg:/opt/ros/humble /usr/bin/cmake --install /home/ema/SESAR/ros2_ws/build/turtlebot3_fake_node
