[0.040s] Invoking command in '/home/ema/SESAR/ros2_ws/build/landmark_msgs': CMAKE_PREFIX_PATH=${CMAKE_PREFIX_PATH}:/home/ema/SESAR/ros2_ws/install/turtlebot3_perception:/home/ema/SESAR/ros2_ws/install/my_package:/home/ema/SESAR/ros2_ws/install/lab04_pkg:/home/ema/SESAR/ros2_ws/install/lab03_pkg:/home/ema/SESAR/ros2_ws/install/lab02_pkg:/home/ema/SESAR/ros2_ws/install/lab01_pkg:/opt/ros/humble /usr/bin/cmake /home/ema/SESAR/ros2_ws/src/turtlebot3_perception/landmark_msgs -DCMAKE_INSTALL_PREFIX=/home/ema/SESAR/ros2_ws/install/landmark_msgs
[0.842s] -- The C compiler identification is GNU 11.4.0
[0.969s] -- The CXX compiler identification is GNU 11.4.0
[1.320s] -- Detecting C compiler ABI info
[1.567s] -- Detecting C compiler ABI info - done
[1.572s] -- Check for working C compiler: /usr/bin/cc - skipped
[1.572s] -- Detecting C compile features
[1.573s] -- Detecting C compile features - done
[1.576s] -- Detecting CXX compiler ABI info
[1.821s] -- Detecting CXX compiler ABI info - done
[1.827s] -- Check for working CXX compiler: /usr/bin/c++ - skipped
[1.827s] -- Detecting CXX compile features
[1.827s] -- Detecting CXX compile features - done
[1.832s] -- Found ament_cmake: 1.3.12 (/opt/ros/humble/share/ament_cmake/cmake)
[2.032s] -- Found Python3: /usr/bin/python3 (found version "3.10.12") found components: Interpreter 
[2.157s] -- Found rosidl_default_generators: 1.2.0 (/opt/ros/humble/share/rosidl_default_generators/cmake)
[2.165s] -- Using all available rosidl_typesupport_c: rosidl_typesupport_fastrtps_c;rosidl_typesupport_introspection_c
[2.178s] -- Found rosidl_adapter: 3.1.7 (/opt/ros/humble/share/rosidl_adapter/cmake)
[2.521s] -- Using all available rosidl_typesupport_cpp: rosidl_typesupport_fastrtps_cpp;rosidl_typesupport_introspection_cpp
[2.580s] -- Found std_msgs: 4.9.0 (/opt/ros/humble/share/std_msgs/cmake)
[2.903s] -- Found ament_cmake_ros: 0.10.0 (/opt/ros/humble/share/ament_cmake_ros/cmake)
[3.139s] -- Using all available rosidl_typesupport_c: rosidl_typesupport_fastrtps_c;rosidl_typesupport_introspection_c
[3.414s] -- Using all available rosidl_typesupport_cpp: rosidl_typesupport_fastrtps_cpp;rosidl_typesupport_introspection_cpp
[3.660s] -- Found PythonInterp: /usr/bin/python3 (found suitable version "3.10.12", minimum required is "3.6") 
[3.662s] -- Found python_cmake_module: 0.10.0 (/opt/ros/humble/share/python_cmake_module/cmake)
[4.360s] -- Found PythonLibs: /usr/lib/x86_64-linux-gnu/libpython3.10.so (found suitable version "3.10.12", minimum required is "3.5") 
[4.360s] -- Using PYTHON_EXECUTABLE: /usr/bin/python3
[4.360s] -- Using PYTHON_INCLUDE_DIRS: /usr/include/python3.10
[4.360s] -- Using PYTHON_LIBRARIES: /usr/lib/x86_64-linux-gnu/libpython3.10.so
[4.381s] -- Found PythonExtra: .so  
[4.510s] -- Configuring done
[4.543s] -- Generating done
[4.554s] -- Build files have been written to: /home/ema/SESAR/ros2_ws/build/landmark_msgs
[4.560s] Invoked command in '/home/ema/SESAR/ros2_ws/build/landmark_msgs' returned '0': CMAKE_PREFIX_PATH=${CMAKE_PREFIX_PATH}:/home/ema/SESAR/ros2_ws/install/turtlebot3_perception:/home/ema/SESAR/ros2_ws/install/my_package:/home/ema/SESAR/ros2_ws/install/lab04_pkg:/home/ema/SESAR/ros2_ws/install/lab03_pkg:/home/ema/SESAR/ros2_ws/install/lab02_pkg:/home/ema/SESAR/ros2_ws/install/lab01_pkg:/opt/ros/humble /usr/bin/cmake /home/ema/SESAR/ros2_ws/src/turtlebot3_perception/landmark_msgs -DCMAKE_INSTALL_PREFIX=/home/ema/SESAR/ros2_ws/install/landmark_msgs
[4.562s] Invoking command in '/home/ema/SESAR/ros2_ws/build/landmark_msgs': CMAKE_PREFIX_PATH=${CMAKE_PREFIX_PATH}:/home/ema/SESAR/ros2_ws/install/turtlebot3_perception:/home/ema/SESAR/ros2_ws/install/my_package:/home/ema/SESAR/ros2_ws/install/lab04_pkg:/home/ema/SESAR/ros2_ws/install/lab03_pkg:/home/ema/SESAR/ros2_ws/install/lab02_pkg:/home/ema/SESAR/ros2_ws/install/lab01_pkg:/opt/ros/humble /usr/bin/cmake --build /home/ema/SESAR/ros2_ws/build/landmark_msgs -- -j20 -l20
[4.593s] [  2%] [34m[1mGenerating C code for ROS interfaces[0m
[4.601s] [  5%] [34m[1mGenerating C++ code for ROS interfaces[0m
[4.608s] [  5%] Built target ament_cmake_python_copy_landmark_msgs
[4.821s] running egg_info
[4.822s] creating landmark_msgs.egg-info
[4.822s] writing landmark_msgs.egg-info/PKG-INFO
[4.823s] writing dependency_links to landmark_msgs.egg-info/dependency_links.txt
[4.823s] writing top-level names to landmark_msgs.egg-info/top_level.txt
[4.823s] writing manifest file 'landmark_msgs.egg-info/SOURCES.txt'
[4.825s] reading manifest file 'landmark_msgs.egg-info/SOURCES.txt'
[4.826s] writing manifest file 'landmark_msgs.egg-info/SOURCES.txt'
[4.860s] [  5%] Built target ament_cmake_python_build_landmark_msgs_egg
[4.868s] [  7%] [32mBuilding C object CMakeFiles/landmark_msgs__rosidl_generator_c.dir/rosidl_generator_c/landmark_msgs/msg/detail/landmark__functions.c.o[0m
[4.868s] [ 10%] [32mBuilding C object CMakeFiles/landmark_msgs__rosidl_generator_c.dir/rosidl_generator_c/landmark_msgs/msg/detail/landmark_array__functions.c.o[0m
[4.872s] [ 10%] Built target landmark_msgs__cpp
[4.881s] [ 17%] [34m[1mGenerating C++ introspection for ROS interfaces[0m
[4.881s] [ 17%] [34m[1mGenerating C++ type support dispatch for ROS interfaces[0m
[4.881s] [ 17%] [34m[1mGenerating C++ type support for eProsima Fast-RTPS[0m
[4.939s] [ 20%] [32m[1mLinking C shared library liblandmark_msgs__rosidl_generator_c.so[0m
[5.147s] [ 23%] [32mBuilding CXX object CMakeFiles/landmark_msgs__rosidl_typesupport_cpp.dir/rosidl_typesupport_cpp/landmark_msgs/msg/landmark_array__type_support.cpp.o[0m
[5.149s] [ 25%] [32mBuilding CXX object CMakeFiles/landmark_msgs__rosidl_typesupport_cpp.dir/rosidl_typesupport_cpp/landmark_msgs/msg/landmark__type_support.cpp.o[0m
[5.179s] [ 25%] Built target landmark_msgs__rosidl_generator_c
[5.180s] [ 28%] [32mBuilding CXX object CMakeFiles/landmark_msgs__rosidl_typesupport_introspection_cpp.dir/rosidl_typesupport_introspection_cpp/landmark_msgs/msg/detail/landmark__type_support.cpp.o[0m
[5.182s] [ 30%] [32mBuilding CXX object CMakeFiles/landmark_msgs__rosidl_typesupport_introspection_cpp.dir/rosidl_typesupport_introspection_cpp/landmark_msgs/msg/detail/landmark_array__type_support.cpp.o[0m
[5.195s] [ 33%] [34m[1mGenerating C type support for eProsima Fast-RTPS[0m
[5.195s] [ 35%] [34m[1mGenerating C introspection for ROS interfaces[0m
[5.200s] [ 38%] [34m[1mGenerating C type support dispatch for ROS interfaces[0m
[5.218s] [ 41%] [32mBuilding CXX object CMakeFiles/landmark_msgs__rosidl_typesupport_fastrtps_cpp.dir/rosidl_typesupport_fastrtps_cpp/landmark_msgs/msg/detail/dds_fastrtps/landmark_array__type_support.cpp.o[0m
[5.221s] [ 43%] [32mBuilding CXX object CMakeFiles/landmark_msgs__rosidl_typesupport_fastrtps_cpp.dir/rosidl_typesupport_fastrtps_cpp/landmark_msgs/msg/detail/dds_fastrtps/landmark__type_support.cpp.o[0m
[5.564s] [ 46%] [32m[1mLinking CXX shared library liblandmark_msgs__rosidl_typesupport_cpp.so[0m
[5.586s] [ 48%] [32mBuilding CXX object CMakeFiles/landmark_msgs__rosidl_typesupport_c.dir/rosidl_typesupport_c/landmark_msgs/msg/landmark_array__type_support.cpp.o[0m
[5.589s] [ 51%] [32mBuilding CXX object CMakeFiles/landmark_msgs__rosidl_typesupport_c.dir/rosidl_typesupport_c/landmark_msgs/msg/landmark__type_support.cpp.o[0m
[5.593s] [ 53%] [32mBuilding C object CMakeFiles/landmark_msgs__rosidl_typesupport_introspection_c.dir/rosidl_typesupport_introspection_c/landmark_msgs/msg/detail/landmark__type_support.c.o[0m
[5.594s] [ 56%] [32mBuilding CXX object CMakeFiles/landmark_msgs__rosidl_typesupport_fastrtps_c.dir/rosidl_typesupport_fastrtps_c/landmark_msgs/msg/detail/landmark_array__type_support_c.cpp.o[0m
[5.594s] [ 61%] [32mBuilding CXX object CMakeFiles/landmark_msgs__rosidl_typesupport_fastrtps_c.dir/rosidl_typesupport_fastrtps_c/landmark_msgs/msg/detail/landmark__type_support_c.cpp.o[0m
[5.594s] [ 61%] [32mBuilding C object CMakeFiles/landmark_msgs__rosidl_typesupport_introspection_c.dir/rosidl_typesupport_introspection_c/landmark_msgs/msg/detail/landmark_array__type_support.c.o[0m
[5.626s] [ 64%] [32m[1mLinking CXX shared library liblandmark_msgs__rosidl_typesupport_c.so[0m
[5.649s] [ 66%] [32m[1mLinking C shared library liblandmark_msgs__rosidl_typesupport_introspection_c.so[0m
[5.752s] [ 69%] [32m[1mLinking CXX shared library liblandmark_msgs__rosidl_typesupport_introspection_cpp.so[0m
[5.760s] [ 71%] [32m[1mLinking CXX shared library liblandmark_msgs__rosidl_typesupport_fastrtps_cpp.so[0m
[5.766s] [ 71%] Built target landmark_msgs__rosidl_typesupport_cpp
[5.821s] [ 71%] Built target landmark_msgs__rosidl_typesupport_introspection_c
[5.833s] [ 71%] Built target landmark_msgs__rosidl_typesupport_c
[5.894s] [ 74%] [32m[1mLinking CXX shared library liblandmark_msgs__rosidl_typesupport_fastrtps_c.so[0m
[5.955s] [ 74%] Built target landmark_msgs__rosidl_typesupport_fastrtps_cpp
[5.956s] [ 74%] Built target landmark_msgs__rosidl_typesupport_introspection_cpp
[6.115s] [ 74%] Built target landmark_msgs__rosidl_typesupport_fastrtps_c
[6.132s] [ 74%] Built target landmark_msgs
[6.149s] [ 76%] [34m[1mGenerating Python code for ROS interfaces[0m
[6.457s] [ 76%] Built target landmark_msgs__py
[6.468s] gmake[2]: Warning: File 'liblandmark_msgs__rosidl_typesupport_c.so' has modification time 0.74 s in the future
[6.474s] [ 82%] [32mBuilding C object CMakeFiles/landmark_msgs__rosidl_generator_py.dir/rosidl_generator_py/landmark_msgs/msg/_landmark_s.c.o[0m
[6.474s] [ 82%] [32mBuilding C object CMakeFiles/landmark_msgs__rosidl_generator_py.dir/rosidl_generator_py/landmark_msgs/msg/_landmark_array_s.c.o[0m
[6.581s] [ 84%] [32m[1mLinking C shared library rosidl_generator_py/landmark_msgs/liblandmark_msgs__rosidl_generator_py.so[0m
[6.751s] gmake[2]: warning:  Clock skew detected.  Your build may be incomplete.
[6.759s] [ 84%] Built target landmark_msgs__rosidl_generator_py
[6.769s] gmake[2]: Warning: File 'liblandmark_msgs__rosidl_typesupport_introspection_c.so' has modification time 0.43 s in the future
[6.769s] gmake[2]: Warning: File 'liblandmark_msgs__rosidl_typesupport_c.so' has modification time 0.44 s in the future
[6.770s] gmake[2]: Warning: File 'liblandmark_msgs__rosidl_typesupport_fastrtps_c.so' has modification time 0.73 s in the future
[6.775s] [ 89%] [32mBuilding C object CMakeFiles/landmark_msgs__rosidl_typesupport_introspection_c__pyext.dir/rosidl_generator_py/landmark_msgs/_landmark_msgs_s.ep.rosidl_typesupport_introspection_c.c.o[0m
[6.775s] [ 92%] [32mBuilding C object CMakeFiles/landmark_msgs__rosidl_typesupport_fastrtps_c__pyext.dir/rosidl_generator_py/landmark_msgs/_landmark_msgs_s.ep.rosidl_typesupport_fastrtps_c.c.o[0m
[6.775s] [ 89%] [32mBuilding C object CMakeFiles/landmark_msgs__rosidl_typesupport_c__pyext.dir/rosidl_generator_py/landmark_msgs/_landmark_msgs_s.ep.rosidl_typesupport_c.c.o[0m
[6.848s] [100%] [32m[1mLinking C shared library rosidl_generator_py/landmark_msgs/landmark_msgs_s__rosidl_typesupport_c.cpython-310-x86_64-linux-gnu.so[0m
[6.848s] [100%] [32m[1mLinking C shared library rosidl_generator_py/landmark_msgs/landmark_msgs_s__rosidl_typesupport_introspection_c.cpython-310-x86_64-linux-gnu.so[0m
[6.848s] [100%] [32m[1mLinking C shared library rosidl_generator_py/landmark_msgs/landmark_msgs_s__rosidl_typesupport_fastrtps_c.cpython-310-x86_64-linux-gnu.so[0m
[6.987s] gmake[2]: warning:  Clock skew detected.  Your build may be incomplete.
[6.987s] gmake[2]: warning:  Clock skew detected.  Your build may be incomplete.
[6.987s] gmake[2]: warning:  Clock skew detected.  Your build may be incomplete.
[6.994s] [100%] Built target landmark_msgs__rosidl_typesupport_fastrtps_c__pyext
[6.994s] [100%] Built target landmark_msgs__rosidl_typesupport_c__pyext
[6.995s] [100%] Built target landmark_msgs__rosidl_typesupport_introspection_c__pyext
[7.006s] Invoked command in '/home/ema/SESAR/ros2_ws/build/landmark_msgs' returned '0': CMAKE_PREFIX_PATH=${CMAKE_PREFIX_PATH}:/home/ema/SESAR/ros2_ws/install/turtlebot3_perception:/home/ema/SESAR/ros2_ws/install/my_package:/home/ema/SESAR/ros2_ws/install/lab04_pkg:/home/ema/SESAR/ros2_ws/install/lab03_pkg:/home/ema/SESAR/ros2_ws/install/lab02_pkg:/home/ema/SESAR/ros2_ws/install/lab01_pkg:/opt/ros/humble /usr/bin/cmake --build /home/ema/SESAR/ros2_ws/build/landmark_msgs -- -j20 -l20
[7.014s] Invoking command in '/home/ema/SESAR/ros2_ws/build/landmark_msgs': CMAKE_PREFIX_PATH=${CMAKE_PREFIX_PATH}:/home/ema/SESAR/ros2_ws/install/turtlebot3_perception:/home/ema/SESAR/ros2_ws/install/my_package:/home/ema/SESAR/ros2_ws/install/lab04_pkg:/home/ema/SESAR/ros2_ws/install/lab03_pkg:/home/ema/SESAR/ros2_ws/install/lab02_pkg:/home/ema/SESAR/ros2_ws/install/lab01_pkg:/opt/ros/humble /usr/bin/cmake --install /home/ema/SESAR/ros2_ws/build/landmark_msgs
[7.020s] -- Install configuration: ""
[7.021s] -- Installing: /home/ema/SESAR/ros2_ws/install/landmark_msgs/share/ament_index/resource_index/rosidl_interfaces/landmark_msgs
[7.021s] -- Installing: /home/ema/SESAR/ros2_ws/install/landmark_msgs/include/landmark_msgs/landmark_msgs
[7.021s] -- Installing: /home/ema/SESAR/ros2_ws/install/landmark_msgs/include/landmark_msgs/landmark_msgs/msg
[7.021s] -- Installing: /home/ema/SESAR/ros2_ws/install/landmark_msgs/include/landmark_msgs/landmark_msgs/msg/landmark_array.h
[7.022s] -- Installing: /home/ema/SESAR/ros2_ws/install/landmark_msgs/include/landmark_msgs/landmark_msgs/msg/detail
[7.022s] -- Installing: /home/ema/SESAR/ros2_ws/install/landmark_msgs/include/landmark_msgs/landmark_msgs/msg/detail/landmark_array__functions.c
[7.022s] -- Installing: /home/ema/SESAR/ros2_ws/install/landmark_msgs/include/landmark_msgs/landmark_msgs/msg/detail/landmark__struct.h
[7.022s] -- Installing: /home/ema/SESAR/ros2_ws/install/landmark_msgs/include/landmark_msgs/landmark_msgs/msg/detail/landmark_array__struct.h
[7.022s] -- Installing: /home/ema/SESAR/ros2_ws/install/landmark_msgs/include/landmark_msgs/landmark_msgs/msg/detail/landmark__functions.c
[7.022s] -- Installing: /home/ema/SESAR/ros2_ws/install/landmark_msgs/include/landmark_msgs/landmark_msgs/msg/detail/landmark__type_support.h
[7.022s] -- Installing: /home/ema/SESAR/ros2_ws/install/landmark_msgs/include/landmark_msgs/landmark_msgs/msg/detail/landmark_array__type_support.h
[7.022s] -- Installing: /home/ema/SESAR/ros2_ws/install/landmark_msgs/include/landmark_msgs/landmark_msgs/msg/detail/landmark_array__functions.h
[7.022s] -- Installing: /home/ema/SESAR/ros2_ws/install/landmark_msgs/include/landmark_msgs/landmark_msgs/msg/detail/landmark__functions.h
[7.023s] -- Installing: /home/ema/SESAR/ros2_ws/install/landmark_msgs/include/landmark_msgs/landmark_msgs/msg/landmark.h
[7.023s] -- Installing: /home/ema/SESAR/ros2_ws/install/landmark_msgs/include/landmark_msgs/landmark_msgs/msg/rosidl_generator_c__visibility_control.h
[7.023s] -- Installing: /home/ema/SESAR/ros2_ws/install/landmark_msgs/share/landmark_msgs/environment/library_path.sh
[7.023s] -- Installing: /home/ema/SESAR/ros2_ws/install/landmark_msgs/share/landmark_msgs/environment/library_path.dsv
[7.023s] -- Installing: /home/ema/SESAR/ros2_ws/install/landmark_msgs/lib/liblandmark_msgs__rosidl_generator_c.so
[7.023s] -- Set runtime path of "/home/ema/SESAR/ros2_ws/install/landmark_msgs/lib/liblandmark_msgs__rosidl_generator_c.so" to ""
[7.023s] -- Up-to-date: /home/ema/SESAR/ros2_ws/install/landmark_msgs/include/landmark_msgs/landmark_msgs
[7.024s] -- Up-to-date: /home/ema/SESAR/ros2_ws/install/landmark_msgs/include/landmark_msgs/landmark_msgs/msg
[7.024s] -- Installing: /home/ema/SESAR/ros2_ws/install/landmark_msgs/include/landmark_msgs/landmark_msgs/msg/rosidl_typesupport_fastrtps_c__visibility_control.h
[7.024s] -- Up-to-date: /home/ema/SESAR/ros2_ws/install/landmark_msgs/include/landmark_msgs/landmark_msgs/msg/detail
[7.024s] -- Installing: /home/ema/SESAR/ros2_ws/install/landmark_msgs/include/landmark_msgs/landmark_msgs/msg/detail/landmark_array__rosidl_typesupport_fastrtps_c.h
[7.024s] -- Installing: /home/ema/SESAR/ros2_ws/install/landmark_msgs/include/landmark_msgs/landmark_msgs/msg/detail/landmark__rosidl_typesupport_fastrtps_c.h
[7.024s] -- Installing: /home/ema/SESAR/ros2_ws/install/landmark_msgs/lib/liblandmark_msgs__rosidl_typesupport_fastrtps_c.so
[7.024s] -- Set runtime path of "/home/ema/SESAR/ros2_ws/install/landmark_msgs/lib/liblandmark_msgs__rosidl_typesupport_fastrtps_c.so" to ""
[7.024s] -- Up-to-date: /home/ema/SESAR/ros2_ws/install/landmark_msgs/include/landmark_msgs/landmark_msgs
[7.025s] -- Up-to-date: /home/ema/SESAR/ros2_ws/install/landmark_msgs/include/landmark_msgs/landmark_msgs/msg
[7.025s] -- Up-to-date: /home/ema/SESAR/ros2_ws/install/landmark_msgs/include/landmark_msgs/landmark_msgs/msg/detail
[7.025s] -- Installing: /home/ema/SESAR/ros2_ws/install/landmark_msgs/include/landmark_msgs/landmark_msgs/msg/detail/landmark_array__rosidl_typesupport_introspection_c.h
[7.025s] -- Installing: /home/ema/SESAR/ros2_ws/install/landmark_msgs/include/landmark_msgs/landmark_msgs/msg/detail/landmark__type_support.c
[7.025s] -- Installing: /home/ema/SESAR/ros2_ws/install/landmark_msgs/include/landmark_msgs/landmark_msgs/msg/detail/landmark_array__type_support.c
[7.025s] -- Installing: /home/ema/SESAR/ros2_ws/install/landmark_msgs/include/landmark_msgs/landmark_msgs/msg/detail/landmark__rosidl_typesupport_introspection_c.h
[7.025s] -- Installing: /home/ema/SESAR/ros2_ws/install/landmark_msgs/include/landmark_msgs/landmark_msgs/msg/rosidl_typesupport_introspection_c__visibility_control.h
[7.025s] -- Installing: /home/ema/SESAR/ros2_ws/install/landmark_msgs/lib/liblandmark_msgs__rosidl_typesupport_introspection_c.so
[7.026s] -- Set runtime path of "/home/ema/SESAR/ros2_ws/install/landmark_msgs/lib/liblandmark_msgs__rosidl_typesupport_introspection_c.so" to ""
[7.026s] -- Installing: /home/ema/SESAR/ros2_ws/install/landmark_msgs/lib/liblandmark_msgs__rosidl_typesupport_c.so
[7.026s] -- Set runtime path of "/home/ema/SESAR/ros2_ws/install/landmark_msgs/lib/liblandmark_msgs__rosidl_typesupport_c.so" to ""
[7.026s] -- Up-to-date: /home/ema/SESAR/ros2_ws/install/landmark_msgs/include/landmark_msgs/landmark_msgs
[7.026s] -- Up-to-date: /home/ema/SESAR/ros2_ws/install/landmark_msgs/include/landmark_msgs/landmark_msgs/msg
[7.026s] -- Installing: /home/ema/SESAR/ros2_ws/install/landmark_msgs/include/landmark_msgs/landmark_msgs/msg/landmark.hpp
[7.026s] -- Up-to-date: /home/ema/SESAR/ros2_ws/install/landmark_msgs/include/landmark_msgs/landmark_msgs/msg/detail
[7.027s] -- Installing: /home/ema/SESAR/ros2_ws/install/landmark_msgs/include/landmark_msgs/landmark_msgs/msg/detail/landmark_array__struct.hpp
[7.027s] -- Installing: /home/ema/SESAR/ros2_ws/install/landmark_msgs/include/landmark_msgs/landmark_msgs/msg/detail/landmark__builder.hpp
[7.027s] -- Installing: /home/ema/SESAR/ros2_ws/install/landmark_msgs/include/landmark_msgs/landmark_msgs/msg/detail/landmark__struct.hpp
[7.027s] -- Installing: /home/ema/SESAR/ros2_ws/install/landmark_msgs/include/landmark_msgs/landmark_msgs/msg/detail/landmark_array__traits.hpp
[7.027s] -- Installing: /home/ema/SESAR/ros2_ws/install/landmark_msgs/include/landmark_msgs/landmark_msgs/msg/detail/landmark_array__type_support.hpp
[7.027s] -- Installing: /home/ema/SESAR/ros2_ws/install/landmark_msgs/include/landmark_msgs/landmark_msgs/msg/detail/landmark_array__builder.hpp
[7.027s] -- Installing: /home/ema/SESAR/ros2_ws/install/landmark_msgs/include/landmark_msgs/landmark_msgs/msg/detail/landmark__traits.hpp
[7.027s] -- Installing: /home/ema/SESAR/ros2_ws/install/landmark_msgs/include/landmark_msgs/landmark_msgs/msg/detail/landmark__type_support.hpp
[7.027s] -- Installing: /home/ema/SESAR/ros2_ws/install/landmark_msgs/include/landmark_msgs/landmark_msgs/msg/landmark_array.hpp
[7.027s] -- Installing: /home/ema/SESAR/ros2_ws/install/landmark_msgs/include/landmark_msgs/landmark_msgs/msg/rosidl_generator_cpp__visibility_control.hpp
[7.028s] -- Up-to-date: /home/ema/SESAR/ros2_ws/install/landmark_msgs/include/landmark_msgs/landmark_msgs
[7.028s] -- Up-to-date: /home/ema/SESAR/ros2_ws/install/landmark_msgs/include/landmark_msgs/landmark_msgs/msg
[7.028s] -- Up-to-date: /home/ema/SESAR/ros2_ws/install/landmark_msgs/include/landmark_msgs/landmark_msgs/msg/detail
[7.028s] -- Installing: /home/ema/SESAR/ros2_ws/install/landmark_msgs/include/landmark_msgs/landmark_msgs/msg/detail/landmark_array__rosidl_typesupport_fastrtps_cpp.hpp
[7.028s] -- Installing: /home/ema/SESAR/ros2_ws/install/landmark_msgs/include/landmark_msgs/landmark_msgs/msg/detail/landmark__rosidl_typesupport_fastrtps_cpp.hpp
[7.028s] -- Installing: /home/ema/SESAR/ros2_ws/install/landmark_msgs/include/landmark_msgs/landmark_msgs/msg/detail/dds_fastrtps
[7.028s] -- Installing: /home/ema/SESAR/ros2_ws/install/landmark_msgs/include/landmark_msgs/landmark_msgs/msg/rosidl_typesupport_fastrtps_cpp__visibility_control.h
[7.028s] -- Installing: /home/ema/SESAR/ros2_ws/install/landmark_msgs/lib/liblandmark_msgs__rosidl_typesupport_fastrtps_cpp.so
[7.028s] -- Set runtime path of "/home/ema/SESAR/ros2_ws/install/landmark_msgs/lib/liblandmark_msgs__rosidl_typesupport_fastrtps_cpp.so" to ""
[7.028s] -- Up-to-date: /home/ema/SESAR/ros2_ws/install/landmark_msgs/include/landmark_msgs/landmark_msgs
[7.028s] -- Up-to-date: /home/ema/SESAR/ros2_ws/install/landmark_msgs/include/landmark_msgs/landmark_msgs/msg
[7.028s] -- Up-to-date: /home/ema/SESAR/ros2_ws/install/landmark_msgs/include/landmark_msgs/landmark_msgs/msg/detail
[7.028s] -- Installing: /home/ema/SESAR/ros2_ws/install/landmark_msgs/include/landmark_msgs/landmark_msgs/msg/detail/landmark_array__rosidl_typesupport_introspection_cpp.hpp
[7.028s] -- Installing: /home/ema/SESAR/ros2_ws/install/landmark_msgs/include/landmark_msgs/landmark_msgs/msg/detail/landmark__type_support.cpp
[7.029s] -- Installing: /home/ema/SESAR/ros2_ws/install/landmark_msgs/include/landmark_msgs/landmark_msgs/msg/detail/landmark_array__type_support.cpp
[7.029s] -- Installing: /home/ema/SESAR/ros2_ws/install/landmark_msgs/include/landmark_msgs/landmark_msgs/msg/detail/landmark__rosidl_typesupport_introspection_cpp.hpp
[7.029s] -- Installing: /home/ema/SESAR/ros2_ws/install/landmark_msgs/lib/liblandmark_msgs__rosidl_typesupport_introspection_cpp.so
[7.029s] -- Set runtime path of "/home/ema/SESAR/ros2_ws/install/landmark_msgs/lib/liblandmark_msgs__rosidl_typesupport_introspection_cpp.so" to ""
[7.029s] -- Installing: /home/ema/SESAR/ros2_ws/install/landmark_msgs/lib/liblandmark_msgs__rosidl_typesupport_cpp.so
[7.029s] -- Set runtime path of "/home/ema/SESAR/ros2_ws/install/landmark_msgs/lib/liblandmark_msgs__rosidl_typesupport_cpp.so" to ""
[7.029s] -- Installing: /home/ema/SESAR/ros2_ws/install/landmark_msgs/share/landmark_msgs/environment/pythonpath.sh
[7.029s] -- Installing: /home/ema/SESAR/ros2_ws/install/landmark_msgs/share/landmark_msgs/environment/pythonpath.dsv
[7.029s] -- Installing: /home/ema/SESAR/ros2_ws/install/landmark_msgs/local/lib/python3.10/dist-packages/landmark_msgs-0.0.0-py3.10.egg-info
[7.030s] -- Installing: /home/ema/SESAR/ros2_ws/install/landmark_msgs/local/lib/python3.10/dist-packages/landmark_msgs-0.0.0-py3.10.egg-info/dependency_links.txt
[7.030s] -- Installing: /home/ema/SESAR/ros2_ws/install/landmark_msgs/local/lib/python3.10/dist-packages/landmark_msgs-0.0.0-py3.10.egg-info/PKG-INFO
[7.030s] -- Installing: /home/ema/SESAR/ros2_ws/install/landmark_msgs/local/lib/python3.10/dist-packages/landmark_msgs-0.0.0-py3.10.egg-info/top_level.txt
[7.030s] -- Installing: /home/ema/SESAR/ros2_ws/install/landmark_msgs/local/lib/python3.10/dist-packages/landmark_msgs-0.0.0-py3.10.egg-info/SOURCES.txt
[7.030s] -- Installing: /home/ema/SESAR/ros2_ws/install/landmark_msgs/local/lib/python3.10/dist-packages/landmark_msgs
[7.030s] -- Installing: /home/ema/SESAR/ros2_ws/install/landmark_msgs/local/lib/python3.10/dist-packages/landmark_msgs/landmark_msgs_s__rosidl_typesupport_fastrtps_c.cpython-310-x86_64-linux-gnu.so
[7.031s] -- Installing: /home/ema/SESAR/ros2_ws/install/landmark_msgs/local/lib/python3.10/dist-packages/landmark_msgs/msg
[7.031s] -- Installing: /home/ema/SESAR/ros2_ws/install/landmark_msgs/local/lib/python3.10/dist-packages/landmark_msgs/msg/_landmark_array.py
[7.031s] -- Installing: /home/ema/SESAR/ros2_ws/install/landmark_msgs/local/lib/python3.10/dist-packages/landmark_msgs/msg/_landmark_array_s.c
[7.031s] -- Installing: /home/ema/SESAR/ros2_ws/install/landmark_msgs/local/lib/python3.10/dist-packages/landmark_msgs/msg/_landmark.py
[7.031s] -- Installing: /home/ema/SESAR/ros2_ws/install/landmark_msgs/local/lib/python3.10/dist-packages/landmark_msgs/msg/__init__.py
[7.031s] -- Installing: /home/ema/SESAR/ros2_ws/install/landmark_msgs/local/lib/python3.10/dist-packages/landmark_msgs/msg/_landmark_s.c
[7.032s] -- Installing: /home/ema/SESAR/ros2_ws/install/landmark_msgs/local/lib/python3.10/dist-packages/landmark_msgs/landmark_msgs_s__rosidl_typesupport_c.cpython-310-x86_64-linux-gnu.so
[7.032s] -- Installing: /home/ema/SESAR/ros2_ws/install/landmark_msgs/local/lib/python3.10/dist-packages/landmark_msgs/__init__.py
[7.032s] -- Installing: /home/ema/SESAR/ros2_ws/install/landmark_msgs/local/lib/python3.10/dist-packages/landmark_msgs/liblandmark_msgs__rosidl_generator_py.so
[7.032s] -- Installing: /home/ema/SESAR/ros2_ws/install/landmark_msgs/local/lib/python3.10/dist-packages/landmark_msgs/_landmark_msgs_s.ep.rosidl_typesupport_introspection_c.c
[7.032s] -- Installing: /home/ema/SESAR/ros2_ws/install/landmark_msgs/local/lib/python3.10/dist-packages/landmark_msgs/_landmark_msgs_s.ep.rosidl_typesupport_fastrtps_c.c
[7.032s] -- Installing: /home/ema/SESAR/ros2_ws/install/landmark_msgs/local/lib/python3.10/dist-packages/landmark_msgs/_landmark_msgs_s.ep.rosidl_typesupport_c.c
[7.032s] -- Installing: /home/ema/SESAR/ros2_ws/install/landmark_msgs/local/lib/python3.10/dist-packages/landmark_msgs/landmark_msgs_s__rosidl_typesupport_introspection_c.cpython-310-x86_64-linux-gnu.so
[7.063s] Listing '/home/ema/SESAR/ros2_ws/install/landmark_msgs/local/lib/python3.10/dist-packages/landmark_msgs'...
[7.063s] Compiling '/home/ema/SESAR/ros2_ws/install/landmark_msgs/local/lib/python3.10/dist-packages/landmark_msgs/__init__.py'...
[7.063s] Listing '/home/ema/SESAR/ros2_ws/install/landmark_msgs/local/lib/python3.10/dist-packages/landmark_msgs/msg'...
[7.063s] Compiling '/home/ema/SESAR/ros2_ws/install/landmark_msgs/local/lib/python3.10/dist-packages/landmark_msgs/msg/__init__.py'...
[7.063s] Compiling '/home/ema/SESAR/ros2_ws/install/landmark_msgs/local/lib/python3.10/dist-packages/landmark_msgs/msg/_landmark.py'...
[7.063s] Compiling '/home/ema/SESAR/ros2_ws/install/landmark_msgs/local/lib/python3.10/dist-packages/landmark_msgs/msg/_landmark_array.py'...
[7.067s] -- Installing: /home/ema/SESAR/ros2_ws/install/landmark_msgs/local/lib/python3.10/dist-packages/landmark_msgs/landmark_msgs_s__rosidl_typesupport_fastrtps_c.cpython-310-x86_64-linux-gnu.so
[7.068s] -- Set runtime path of "/home/ema/SESAR/ros2_ws/install/landmark_msgs/local/lib/python3.10/dist-packages/landmark_msgs/landmark_msgs_s__rosidl_typesupport_fastrtps_c.cpython-310-x86_64-linux-gnu.so" to ""
[7.068s] -- Installing: /home/ema/SESAR/ros2_ws/install/landmark_msgs/local/lib/python3.10/dist-packages/landmark_msgs/landmark_msgs_s__rosidl_typesupport_introspection_c.cpython-310-x86_64-linux-gnu.so
[7.068s] -- Set runtime path of "/home/ema/SESAR/ros2_ws/install/landmark_msgs/local/lib/python3.10/dist-packages/landmark_msgs/landmark_msgs_s__rosidl_typesupport_introspection_c.cpython-310-x86_64-linux-gnu.so" to ""
[7.068s] -- Installing: /home/ema/SESAR/ros2_ws/install/landmark_msgs/local/lib/python3.10/dist-packages/landmark_msgs/landmark_msgs_s__rosidl_typesupport_c.cpython-310-x86_64-linux-gnu.so
[7.068s] -- Set runtime path of "/home/ema/SESAR/ros2_ws/install/landmark_msgs/local/lib/python3.10/dist-packages/landmark_msgs/landmark_msgs_s__rosidl_typesupport_c.cpython-310-x86_64-linux-gnu.so" to ""
[7.068s] -- Installing: /home/ema/SESAR/ros2_ws/install/landmark_msgs/lib/liblandmark_msgs__rosidl_generator_py.so
[7.068s] -- Set runtime path of "/home/ema/SESAR/ros2_ws/install/landmark_msgs/lib/liblandmark_msgs__rosidl_generator_py.so" to ""
[7.069s] -- Installing: /home/ema/SESAR/ros2_ws/install/landmark_msgs/share/landmark_msgs/msg/Landmark.idl
[7.069s] -- Installing: /home/ema/SESAR/ros2_ws/install/landmark_msgs/share/landmark_msgs/msg/LandmarkArray.idl
[7.069s] -- Installing: /home/ema/SESAR/ros2_ws/install/landmark_msgs/share/landmark_msgs/msg/Landmark.msg
[7.069s] -- Installing: /home/ema/SESAR/ros2_ws/install/landmark_msgs/share/landmark_msgs/msg/LandmarkArray.msg
[7.069s] -- Installing: /home/ema/SESAR/ros2_ws/install/landmark_msgs/share/ament_index/resource_index/package_run_dependencies/landmark_msgs
[7.069s] -- Installing: /home/ema/SESAR/ros2_ws/install/landmark_msgs/share/ament_index/resource_index/parent_prefix_path/landmark_msgs
[7.070s] -- Installing: /home/ema/SESAR/ros2_ws/install/landmark_msgs/share/landmark_msgs/environment/ament_prefix_path.sh
[7.070s] -- Installing: /home/ema/SESAR/ros2_ws/install/landmark_msgs/share/landmark_msgs/environment/ament_prefix_path.dsv
[7.070s] -- Installing: /home/ema/SESAR/ros2_ws/install/landmark_msgs/share/landmark_msgs/environment/path.sh
[7.070s] -- Installing: /home/ema/SESAR/ros2_ws/install/landmark_msgs/share/landmark_msgs/environment/path.dsv
[7.070s] -- Installing: /home/ema/SESAR/ros2_ws/install/landmark_msgs/share/landmark_msgs/local_setup.bash
[7.070s] -- Installing: /home/ema/SESAR/ros2_ws/install/landmark_msgs/share/landmark_msgs/local_setup.sh
[7.071s] -- Installing: /home/ema/SESAR/ros2_ws/install/landmark_msgs/share/landmark_msgs/local_setup.zsh
[7.071s] -- Installing: /home/ema/SESAR/ros2_ws/install/landmark_msgs/share/landmark_msgs/local_setup.dsv
[7.071s] -- Installing: /home/ema/SESAR/ros2_ws/install/landmark_msgs/share/landmark_msgs/package.dsv
[7.071s] -- Installing: /home/ema/SESAR/ros2_ws/install/landmark_msgs/share/ament_index/resource_index/packages/landmark_msgs
[7.071s] -- Installing: /home/ema/SESAR/ros2_ws/install/landmark_msgs/share/landmark_msgs/cmake/export_landmark_msgs__rosidl_generator_cExport.cmake
[7.072s] -- Installing: /home/ema/SESAR/ros2_ws/install/landmark_msgs/share/landmark_msgs/cmake/export_landmark_msgs__rosidl_generator_cExport-noconfig.cmake
[7.072s] -- Installing: /home/ema/SESAR/ros2_ws/install/landmark_msgs/share/landmark_msgs/cmake/export_landmark_msgs__rosidl_typesupport_fastrtps_cExport.cmake
[7.072s] -- Installing: /home/ema/SESAR/ros2_ws/install/landmark_msgs/share/landmark_msgs/cmake/export_landmark_msgs__rosidl_typesupport_fastrtps_cExport-noconfig.cmake
[7.072s] -- Installing: /home/ema/SESAR/ros2_ws/install/landmark_msgs/share/landmark_msgs/cmake/landmark_msgs__rosidl_typesupport_introspection_cExport.cmake
[7.072s] -- Installing: /home/ema/SESAR/ros2_ws/install/landmark_msgs/share/landmark_msgs/cmake/landmark_msgs__rosidl_typesupport_introspection_cExport-noconfig.cmake
[7.072s] -- Installing: /home/ema/SESAR/ros2_ws/install/landmark_msgs/share/landmark_msgs/cmake/landmark_msgs__rosidl_typesupport_cExport.cmake
[7.072s] -- Installing: /home/ema/SESAR/ros2_ws/install/landmark_msgs/share/landmark_msgs/cmake/landmark_msgs__rosidl_typesupport_cExport-noconfig.cmake
[7.073s] -- Installing: /home/ema/SESAR/ros2_ws/install/landmark_msgs/share/landmark_msgs/cmake/export_landmark_msgs__rosidl_generator_cppExport.cmake
[7.073s] -- Installing: /home/ema/SESAR/ros2_ws/install/landmark_msgs/share/landmark_msgs/cmake/export_landmark_msgs__rosidl_typesupport_fastrtps_cppExport.cmake
[7.073s] -- Installing: /home/ema/SESAR/ros2_ws/install/landmark_msgs/share/landmark_msgs/cmake/export_landmark_msgs__rosidl_typesupport_fastrtps_cppExport-noconfig.cmake
[7.073s] -- Installing: /home/ema/SESAR/ros2_ws/install/landmark_msgs/share/landmark_msgs/cmake/landmark_msgs__rosidl_typesupport_introspection_cppExport.cmake
[7.073s] -- Installing: /home/ema/SESAR/ros2_ws/install/landmark_msgs/share/landmark_msgs/cmake/landmark_msgs__rosidl_typesupport_introspection_cppExport-noconfig.cmake
[7.073s] -- Installing: /home/ema/SESAR/ros2_ws/install/landmark_msgs/share/landmark_msgs/cmake/landmark_msgs__rosidl_typesupport_cppExport.cmake
[7.073s] -- Installing: /home/ema/SESAR/ros2_ws/install/landmark_msgs/share/landmark_msgs/cmake/landmark_msgs__rosidl_typesupport_cppExport-noconfig.cmake
[7.073s] -- Installing: /home/ema/SESAR/ros2_ws/install/landmark_msgs/share/landmark_msgs/cmake/export_landmark_msgs__rosidl_generator_pyExport.cmake
[7.073s] -- Installing: /home/ema/SESAR/ros2_ws/install/landmark_msgs/share/landmark_msgs/cmake/export_landmark_msgs__rosidl_generator_pyExport-noconfig.cmake
[7.073s] -- Installing: /home/ema/SESAR/ros2_ws/install/landmark_msgs/share/landmark_msgs/cmake/rosidl_cmake-extras.cmake
[7.073s] -- Installing: /home/ema/SESAR/ros2_ws/install/landmark_msgs/share/landmark_msgs/cmake/ament_cmake_export_dependencies-extras.cmake
[7.073s] -- Installing: /home/ema/SESAR/ros2_ws/install/landmark_msgs/share/landmark_msgs/cmake/ament_cmake_export_include_directories-extras.cmake
[7.073s] -- Installing: /home/ema/SESAR/ros2_ws/install/landmark_msgs/share/landmark_msgs/cmake/ament_cmake_export_libraries-extras.cmake
[7.073s] -- Installing: /home/ema/SESAR/ros2_ws/install/landmark_msgs/share/landmark_msgs/cmake/ament_cmake_export_targets-extras.cmake
[7.073s] -- Installing: /home/ema/SESAR/ros2_ws/install/landmark_msgs/share/landmark_msgs/cmake/rosidl_cmake_export_typesupport_targets-extras.cmake
[7.074s] -- Installing: /home/ema/SESAR/ros2_ws/install/landmark_msgs/share/landmark_msgs/cmake/rosidl_cmake_export_typesupport_libraries-extras.cmake
[7.074s] -- Installing: /home/ema/SESAR/ros2_ws/install/landmark_msgs/share/landmark_msgs/cmake/landmark_msgsConfig.cmake
[7.074s] -- Installing: /home/ema/SESAR/ros2_ws/install/landmark_msgs/share/landmark_msgs/cmake/landmark_msgsConfig-version.cmake
[7.074s] -- Installing: /home/ema/SESAR/ros2_ws/install/landmark_msgs/share/landmark_msgs/package.xml
[7.075s] Invoked command in '/home/ema/SESAR/ros2_ws/build/landmark_msgs' returned '0': CMAKE_PREFIX_PATH=${CMAKE_PREFIX_PATH}:/home/ema/SESAR/ros2_ws/install/turtlebot3_perception:/home/ema/SESAR/ros2_ws/install/my_package:/home/ema/SESAR/ros2_ws/install/lab04_pkg:/home/ema/SESAR/ros2_ws/install/lab03_pkg:/home/ema/SESAR/ros2_ws/install/lab02_pkg:/home/ema/SESAR/ros2_ws/install/lab01_pkg:/opt/ros/humble /usr/bin/cmake --install /home/ema/SESAR/ros2_ws/build/landmark_msgs
