[0.968s] Invoking command in '/home/luke_skywalker/ros2_ws/src/lab01_pkg': PYTHONPATH=/home/luke_skywalker/ros2_ws/src/build/lab01_pkg/prefix_override:/usr/lib/python3/dist-packages/colcon_core/task/python/colcon_distutils_commands:/home/luke_skywalker/ros2_ws/src/install/lab01_pkg/lib/python3.10/site-packages:${PYTHONPATH} /usr/bin/python3 -W ignore:setup.py install is deprecated -W ignore:easy_install command is deprecated setup.py egg_info --egg-base ../build/lab01_pkg build --build-base /home/luke_skywalker/ros2_ws/src/build/lab01_pkg/build install --record /home/luke_skywalker/ros2_ws/src/build/lab01_pkg/install.log --single-version-externally-managed install_data
[1.305s] running egg_info
[1.306s] writing ../build/lab01_pkg/lab01_pkg.egg-info/PKG-INFO
[1.308s] writing dependency_links to ../build/lab01_pkg/lab01_pkg.egg-info/dependency_links.txt
[1.309s] writing entry points to ../build/lab01_pkg/lab01_pkg.egg-info/entry_points.txt
[1.309s] writing requirements to ../build/lab01_pkg/lab01_pkg.egg-info/requires.txt
[1.309s] writing top-level names to ../build/lab01_pkg/lab01_pkg.egg-info/top_level.txt
[1.312s] reading manifest file '../build/lab01_pkg/lab01_pkg.egg-info/SOURCES.txt'
[1.313s] adding license file 'LICENSE'
[1.313s] writing manifest file '../build/lab01_pkg/lab01_pkg.egg-info/SOURCES.txt'
[1.314s] running build
[1.314s] running build_py
[1.314s] running install
[1.315s] running install_lib
[1.318s] running install_data
[1.318s] running install_egg_info
[1.320s] removing '/home/luke_skywalker/ros2_ws/src/install/lab01_pkg/lib/python3.10/site-packages/lab01_pkg-0.0.0-py3.10.egg-info' (and everything under it)
[1.322s] Copying ../build/lab01_pkg/lab01_pkg.egg-info to /home/luke_skywalker/ros2_ws/src/install/lab01_pkg/lib/python3.10/site-packages/lab01_pkg-0.0.0-py3.10.egg-info
[1.323s] running install_scripts
[1.351s] Installing controller script to /home/luke_skywalker/ros2_ws/src/install/lab01_pkg/lib/lab01_pkg
[1.351s] writing list of installed files to '/home/luke_skywalker/ros2_ws/src/build/lab01_pkg/install.log'
[1.384s] Invoked command in '/home/luke_skywalker/ros2_ws/src/lab01_pkg' returned '0': PYTHONPATH=/home/luke_skywalker/ros2_ws/src/build/lab01_pkg/prefix_override:/usr/lib/python3/dist-packages/colcon_core/task/python/colcon_distutils_commands:/home/luke_skywalker/ros2_ws/src/install/lab01_pkg/lib/python3.10/site-packages:${PYTHONPATH} /usr/bin/python3 -W ignore:setup.py install is deprecated -W ignore:easy_install command is deprecated setup.py egg_info --egg-base ../build/lab01_pkg build --build-base /home/luke_skywalker/ros2_ws/src/build/lab01_pkg/build install --record /home/luke_skywalker/ros2_ws/src/build/lab01_pkg/install.log --single-version-externally-managed install_data
