running egg_info
creating ../../../build/turtlebot3_perception/turtlebot3_perception.egg-info
writing ../../../build/turtlebot3_perception/turtlebot3_perception.egg-info/PKG-INFO
writing dependency_links to ../../../build/turtlebot3_perception/turtlebot3_perception.egg-info/dependency_links.txt
writing entry points to ../../../build/turtlebot3_perception/turtlebot3_perception.egg-info/entry_points.txt
writing requirements to ../../../build/turtlebot3_perception/turtlebot3_perception.egg-info/requires.txt
writing top-level names to ../../../build/turtlebot3_perception/turtlebot3_perception.egg-info/top_level.txt
writing manifest file '../../../build/turtlebot3_perception/turtlebot3_perception.egg-info/SOURCES.txt'
reading manifest file '../../../build/turtlebot3_perception/turtlebot3_perception.egg-info/SOURCES.txt'
adding license file 'LICENSE'
writing manifest file '../../../build/turtlebot3_perception/turtlebot3_perception.egg-info/SOURCES.txt'
running build
running build_py
creating /home/ema/SESAR/ros2_ws/build/turtlebot3_perception/build
creating /home/ema/SESAR/ros2_ws/build/turtlebot3_perception/build/lib
creating /home/ema/SESAR/ros2_ws/build/turtlebot3_perception/build/lib/turtlebot3_perception
copying turtlebot3_perception/landmark_simulator.py -> /home/ema/SESAR/ros2_ws/build/turtlebot3_perception/build/lib/turtlebot3_perception
copying turtlebot3_perception/laserscan2lines_node.py -> /home/ema/SESAR/ros2_ws/build/turtlebot3_perception/build/lib/turtlebot3_perception
copying turtlebot3_perception/detection2landmark.py -> /home/ema/SESAR/ros2_ws/build/turtlebot3_perception/build/lib/turtlebot3_perception
copying turtlebot3_perception/__init__.py -> /home/ema/SESAR/ros2_ws/build/turtlebot3_perception/build/lib/turtlebot3_perception
copying turtlebot3_perception/laserscan2lines.py -> /home/ema/SESAR/ros2_ws/build/turtlebot3_perception/build/lib/turtlebot3_perception
running install
running install_lib
creating /home/ema/SESAR/ros2_ws/install/turtlebot3_perception/lib/python3.10/site-packages/turtlebot3_perception
copying /home/ema/SESAR/ros2_ws/build/turtlebot3_perception/build/lib/turtlebot3_perception/landmark_simulator.py -> /home/ema/SESAR/ros2_ws/install/turtlebot3_perception/lib/python3.10/site-packages/turtlebot3_perception
copying /home/ema/SESAR/ros2_ws/build/turtlebot3_perception/build/lib/turtlebot3_perception/laserscan2lines_node.py -> /home/ema/SESAR/ros2_ws/install/turtlebot3_perception/lib/python3.10/site-packages/turtlebot3_perception
copying /home/ema/SESAR/ros2_ws/build/turtlebot3_perception/build/lib/turtlebot3_perception/detection2landmark.py -> /home/ema/SESAR/ros2_ws/install/turtlebot3_perception/lib/python3.10/site-packages/turtlebot3_perception
copying /home/ema/SESAR/ros2_ws/build/turtlebot3_perception/build/lib/turtlebot3_perception/__init__.py -> /home/ema/SESAR/ros2_ws/install/turtlebot3_perception/lib/python3.10/site-packages/turtlebot3_perception
copying /home/ema/SESAR/ros2_ws/build/turtlebot3_perception/build/lib/turtlebot3_perception/laserscan2lines.py -> /home/ema/SESAR/ros2_ws/install/turtlebot3_perception/lib/python3.10/site-packages/turtlebot3_perception
byte-compiling /home/ema/SESAR/ros2_ws/install/turtlebot3_perception/lib/python3.10/site-packages/turtlebot3_perception/landmark_simulator.py to landmark_simulator.cpython-310.pyc
byte-compiling /home/ema/SESAR/ros2_ws/install/turtlebot3_perception/lib/python3.10/site-packages/turtlebot3_perception/laserscan2lines_node.py to laserscan2lines_node.cpython-310.pyc
byte-compiling /home/ema/SESAR/ros2_ws/install/turtlebot3_perception/lib/python3.10/site-packages/turtlebot3_perception/detection2landmark.py to detection2landmark.cpython-310.pyc
byte-compiling /home/ema/SESAR/ros2_ws/install/turtlebot3_perception/lib/python3.10/site-packages/turtlebot3_perception/__init__.py to __init__.cpython-310.pyc
byte-compiling /home/ema/SESAR/ros2_ws/install/turtlebot3_perception/lib/python3.10/site-packages/turtlebot3_perception/laserscan2lines.py to laserscan2lines.cpython-310.pyc
running install_data
creating /home/ema/SESAR/ros2_ws/install/turtlebot3_perception/share/ament_index
creating /home/ema/SESAR/ros2_ws/install/turtlebot3_perception/share/ament_index/resource_index
creating /home/ema/SESAR/ros2_ws/install/turtlebot3_perception/share/ament_index/resource_index/packages
copying resource/turtlebot3_perception -> /home/ema/SESAR/ros2_ws/install/turtlebot3_perception/share/ament_index/resource_index/packages
copying package.xml -> /home/ema/SESAR/ros2_ws/install/turtlebot3_perception/share/turtlebot3_perception
creating /home/ema/SESAR/ros2_ws/install/turtlebot3_perception/share/turtlebot3_perception/launch
copying launch/camera.launch.py -> /home/ema/SESAR/ros2_ws/install/turtlebot3_perception/share/turtlebot3_perception/launch
copying launch/apriltag.launch.py -> /home/ema/SESAR/ros2_ws/install/turtlebot3_perception/share/turtlebot3_perception/launch
copying launch/rs_launch_composable.launch.py -> /home/ema/SESAR/ros2_ws/install/turtlebot3_perception/share/turtlebot3_perception/launch
creating /home/ema/SESAR/ros2_ws/install/turtlebot3_perception/share/turtlebot3_perception/config
copying config/default.rviz -> /home/ema/SESAR/ros2_ws/install/turtlebot3_perception/share/turtlebot3_perception/config
copying config/apriltag.yaml -> /home/ema/SESAR/ros2_ws/install/turtlebot3_perception/share/turtlebot3_perception/config
copying config/oakd_config.yaml -> /home/ema/SESAR/ros2_ws/install/turtlebot3_perception/share/turtlebot3_perception/config
copying config/landmarks.yaml -> /home/ema/SESAR/ros2_ws/install/turtlebot3_perception/share/turtlebot3_perception/config
running install_egg_info
Copying ../../../build/turtlebot3_perception/turtlebot3_perception.egg-info to /home/ema/SESAR/ros2_ws/install/turtlebot3_perception/lib/python3.10/site-packages/turtlebot3_perception-0.0.0-py3.10.egg-info
running install_scripts
Installing detection2landmark script to /home/ema/SESAR/ros2_ws/install/turtlebot3_perception/lib/turtlebot3_perception
Installing landmark_simulator script to /home/ema/SESAR/ros2_ws/install/turtlebot3_perception/lib/turtlebot3_perception
Installing laserscan2lines script to /home/ema/SESAR/ros2_ws/install/turtlebot3_perception/lib/turtlebot3_perception
writing list of installed files to '/home/ema/SESAR/ros2_ws/build/turtlebot3_perception/install.log'
