/home/ema/SESAR/ros2_ws/install/turtlebot3_perception/lib/python3.10/site-packages/turtlebot3_perception/landmark_simulator.py
/home/ema/SESAR/ros2_ws/install/turtlebot3_perception/lib/python3.10/site-packages/turtlebot3_perception/laserscan2lines_node.py
/home/ema/SESAR/ros2_ws/install/turtlebot3_perception/lib/python3.10/site-packages/turtlebot3_perception/detection2landmark.py
/home/ema/SESAR/ros2_ws/install/turtlebot3_perception/lib/python3.10/site-packages/turtlebot3_perception/__init__.py
/home/ema/SESAR/ros2_ws/install/turtlebot3_perception/lib/python3.10/site-packages/turtlebot3_perception/laserscan2lines.py
/home/ema/SESAR/ros2_ws/install/turtlebot3_perception/lib/python3.10/site-packages/turtlebot3_perception/__pycache__/landmark_simulator.cpython-310.pyc
/home/ema/SESAR/ros2_ws/install/turtlebot3_perception/lib/python3.10/site-packages/turtlebot3_perception/__pycache__/laserscan2lines_node.cpython-310.pyc
/home/ema/SESAR/ros2_ws/install/turtlebot3_perception/lib/python3.10/site-packages/turtlebot3_perception/__pycache__/detection2landmark.cpython-310.pyc
/home/ema/SESAR/ros2_ws/install/turtlebot3_perception/lib/python3.10/site-packages/turtlebot3_perception/__pycache__/__init__.cpython-310.pyc
/home/ema/SESAR/ros2_ws/install/turtlebot3_perception/lib/python3.10/site-packages/turtlebot3_perception/__pycache__/laserscan2lines.cpython-310.pyc
/home/ema/SESAR/ros2_ws/install/turtlebot3_perception/share/ament_index/resource_index/packages/turtlebot3_perception
/home/ema/SESAR/ros2_ws/install/turtlebot3_perception/share/turtlebot3_perception/package.xml
/home/ema/SESAR/ros2_ws/install/turtlebot3_perception/share/turtlebot3_perception/launch/camera.launch.py
/home/ema/SESAR/ros2_ws/install/turtlebot3_perception/share/turtlebot3_perception/launch/apriltag.launch.py
/home/ema/SESAR/ros2_ws/install/turtlebot3_perception/share/turtlebot3_perception/launch/rs_launch_composable.launch.py
/home/ema/SESAR/ros2_ws/install/turtlebot3_perception/share/turtlebot3_perception/config/default.rviz
/home/ema/SESAR/ros2_ws/install/turtlebot3_perception/share/turtlebot3_perception/config/apriltag.yaml
/home/ema/SESAR/ros2_ws/install/turtlebot3_perception/share/turtlebot3_perception/config/oakd_config.yaml
/home/ema/SESAR/ros2_ws/install/turtlebot3_perception/share/turtlebot3_perception/config/landmarks.yaml
/home/ema/SESAR/ros2_ws/install/turtlebot3_perception/lib/python3.10/site-packages/turtlebot3_perception-0.0.0-py3.10.egg-info/dependency_links.txt
/home/ema/SESAR/ros2_ws/install/turtlebot3_perception/lib/python3.10/site-packages/turtlebot3_perception-0.0.0-py3.10.egg-info/PKG-INFO
/home/ema/SESAR/ros2_ws/install/turtlebot3_perception/lib/python3.10/site-packages/turtlebot3_perception-0.0.0-py3.10.egg-info/entry_points.txt
/home/ema/SESAR/ros2_ws/install/turtlebot3_perception/lib/python3.10/site-packages/turtlebot3_perception-0.0.0-py3.10.egg-info/zip-safe
/home/ema/SESAR/ros2_ws/install/turtlebot3_perception/lib/python3.10/site-packages/turtlebot3_perception-0.0.0-py3.10.egg-info/requires.txt
/home/ema/SESAR/ros2_ws/install/turtlebot3_perception/lib/python3.10/site-packages/turtlebot3_perception-0.0.0-py3.10.egg-info/top_level.txt
/home/ema/SESAR/ros2_ws/install/turtlebot3_perception/lib/python3.10/site-packages/turtlebot3_perception-0.0.0-py3.10.egg-info/SOURCES.txt
/home/ema/SESAR/ros2_ws/install/turtlebot3_perception/lib/turtlebot3_perception/detection2landmark
/home/ema/SESAR/ros2_ws/install/turtlebot3_perception/lib/turtlebot3_perception/landmark_simulator
/home/ema/SESAR/ros2_ws/install/turtlebot3_perception/lib/turtlebot3_perception/laserscan2lines
