[1.197s] Invoking command in '/home/ema/SESAR/ros2_ws/src/my_package': PYTHONPATH=/home/ema/SESAR/ros2_ws/build/my_package/prefix_override:/usr/lib/python3/dist-packages/colcon_core/task/python/colcon_distutils_commands:/home/ema/SESAR/ros2_ws/install/my_package/lib/python3.10/site-packages:${PYTHONPATH} /usr/bin/python3 -W ignore:setup.py install is deprecated -W ignore:easy_install command is deprecated setup.py egg_info --egg-base ../../build/my_package build --build-base /home/ema/SESAR/ros2_ws/build/my_package/build install --record /home/ema/SESAR/ros2_ws/build/my_package/install.log --single-version-externally-managed install_data
[1.398s] running egg_info
[1.398s] creating ../../build/my_package/my_package.egg-info
[1.398s] writing ../../build/my_package/my_package.egg-info/PKG-INFO
[1.398s] writing dependency_links to ../../build/my_package/my_package.egg-info/dependency_links.txt
[1.400s] writing entry points to ../../build/my_package/my_package.egg-info/entry_points.txt
[1.400s] writing requirements to ../../build/my_package/my_package.egg-info/requires.txt
[1.400s] writing top-level names to ../../build/my_package/my_package.egg-info/top_level.txt
[1.401s] writing manifest file '../../build/my_package/my_package.egg-info/SOURCES.txt'
[1.406s] reading manifest file '../../build/my_package/my_package.egg-info/SOURCES.txt'
[1.406s] adding license file 'LICENSE'
[1.407s] writing manifest file '../../build/my_package/my_package.egg-info/SOURCES.txt'
[1.408s] running build
[1.408s] running build_py
[1.408s] creating /home/ema/SESAR/ros2_ws/build/my_package/build
[1.408s] creating /home/ema/SESAR/ros2_ws/build/my_package/build/lib
[1.409s] creating /home/ema/SESAR/ros2_ws/build/my_package/build/lib/my_package
[1.409s] copying my_package/__init__.py -> /home/ema/SESAR/ros2_ws/build/my_package/build/lib/my_package
[1.409s] copying my_package/my_node.py -> /home/ema/SESAR/ros2_ws/build/my_package/build/lib/my_package
[1.409s] running install
[1.410s] running install_lib
[1.410s] creating /home/ema/SESAR/ros2_ws/install/my_package/lib/python3.10/site-packages/my_package
[1.410s] copying /home/ema/SESAR/ros2_ws/build/my_package/build/lib/my_package/__init__.py -> /home/ema/SESAR/ros2_ws/install/my_package/lib/python3.10/site-packages/my_package
[1.410s] copying /home/ema/SESAR/ros2_ws/build/my_package/build/lib/my_package/my_node.py -> /home/ema/SESAR/ros2_ws/install/my_package/lib/python3.10/site-packages/my_package
[1.411s] byte-compiling /home/ema/SESAR/ros2_ws/install/my_package/lib/python3.10/site-packages/my_package/__init__.py to __init__.cpython-310.pyc
[1.412s] byte-compiling /home/ema/SESAR/ros2_ws/install/my_package/lib/python3.10/site-packages/my_package/my_node.py to my_node.cpython-310.pyc
[1.413s] running install_data
[1.413s] creating /home/ema/SESAR/ros2_ws/install/my_package/share/ament_index
[1.413s] creating /home/ema/SESAR/ros2_ws/install/my_package/share/ament_index/resource_index
[1.413s] creating /home/ema/SESAR/ros2_ws/install/my_package/share/ament_index/resource_index/packages
[1.413s] copying resource/my_package -> /home/ema/SESAR/ros2_ws/install/my_package/share/ament_index/resource_index/packages
[1.413s] copying package.xml -> /home/ema/SESAR/ros2_ws/install/my_package/share/my_package
[1.413s] running install_egg_info
[1.415s] Copying ../../build/my_package/my_package.egg-info to /home/ema/SESAR/ros2_ws/install/my_package/lib/python3.10/site-packages/my_package-0.0.0-py3.10.egg-info
[1.416s] running install_scripts
[1.432s] Installing my_node script to /home/ema/SESAR/ros2_ws/install/my_package/lib/my_package
[1.433s] writing list of installed files to '/home/ema/SESAR/ros2_ws/build/my_package/install.log'
[1.479s] Invoked command in '/home/ema/SESAR/ros2_ws/src/my_package' returned '0': PYTHONPATH=/home/ema/SESAR/ros2_ws/build/my_package/prefix_override:/usr/lib/python3/dist-packages/colcon_core/task/python/colcon_distutils_commands:/home/ema/SESAR/ros2_ws/install/my_package/lib/python3.10/site-packages:${PYTHONPATH} /usr/bin/python3 -W ignore:setup.py install is deprecated -W ignore:easy_install command is deprecated setup.py egg_info --egg-base ../../build/my_package build --build-base /home/ema/SESAR/ros2_ws/build/my_package/build install --record /home/ema/SESAR/ros2_ws/build/my_package/install.log --single-version-externally-managed install_data
