[1.205s] Invoking command in '/home/ema/SESAR/ros2_ws/src/lab02_pkg': PYTHONPATH=/home/ema/SESAR/ros2_ws/build/lab02_pkg/prefix_override:/usr/lib/python3/dist-packages/colcon_core/task/python/colcon_distutils_commands:/home/ema/SESAR/ros2_ws/install/lab02_pkg/lib/python3.10/site-packages:${PYTHONPATH} /usr/bin/python3 -W ignore:setup.py install is deprecated -W ignore:easy_install command is deprecated setup.py egg_info --egg-base ../../build/lab02_pkg build --build-base /home/ema/SESAR/ros2_ws/build/lab02_pkg/build install --record /home/ema/SESAR/ros2_ws/build/lab02_pkg/install.log --single-version-externally-managed install_data
[1.424s] running egg_info
[1.425s] creating ../../build/lab02_pkg/lab02_pkg.egg-info
[1.425s] writing ../../build/lab02_pkg/lab02_pkg.egg-info/PKG-INFO
[1.425s] writing dependency_links to ../../build/lab02_pkg/lab02_pkg.egg-info/dependency_links.txt
[1.425s] writing entry points to ../../build/lab02_pkg/lab02_pkg.egg-info/entry_points.txt
[1.425s] writing requirements to ../../build/lab02_pkg/lab02_pkg.egg-info/requires.txt
[1.425s] writing top-level names to ../../build/lab02_pkg/lab02_pkg.egg-info/top_level.txt
[1.426s] writing manifest file '../../build/lab02_pkg/lab02_pkg.egg-info/SOURCES.txt'
[1.428s] reading manifest file '../../build/lab02_pkg/lab02_pkg.egg-info/SOURCES.txt'
[1.428s] adding license file 'LICENSE'
[1.429s] writing manifest file '../../build/lab02_pkg/lab02_pkg.egg-info/SOURCES.txt'
[1.430s] running build
[1.430s] running build_py
[1.430s] creating /home/ema/SESAR/ros2_ws/build/lab02_pkg/build
[1.430s] creating /home/ema/SESAR/ros2_ws/build/lab02_pkg/build/lib
[1.430s] creating /home/ema/SESAR/ros2_ws/build/lab02_pkg/build/lib/lab02_pkg
[1.430s] copying lab02_pkg/controller.py -> /home/ema/SESAR/ros2_ws/build/lab02_pkg/build/lib/lab02_pkg
[1.431s] copying lab02_pkg/__init__.py -> /home/ema/SESAR/ros2_ws/build/lab02_pkg/build/lib/lab02_pkg
[1.431s] running install
[1.431s] running install_lib
[1.431s] creating /home/ema/SESAR/ros2_ws/install/lab02_pkg/lib/python3.10/site-packages/lab02_pkg
[1.431s] copying /home/ema/SESAR/ros2_ws/build/lab02_pkg/build/lib/lab02_pkg/controller.py -> /home/ema/SESAR/ros2_ws/install/lab02_pkg/lib/python3.10/site-packages/lab02_pkg
[1.431s] copying /home/ema/SESAR/ros2_ws/build/lab02_pkg/build/lib/lab02_pkg/__init__.py -> /home/ema/SESAR/ros2_ws/install/lab02_pkg/lib/python3.10/site-packages/lab02_pkg
[1.431s] byte-compiling /home/ema/SESAR/ros2_ws/install/lab02_pkg/lib/python3.10/site-packages/lab02_pkg/controller.py to controller.cpython-310.pyc
[1.432s] byte-compiling /home/ema/SESAR/ros2_ws/install/lab02_pkg/lib/python3.10/site-packages/lab02_pkg/__init__.py to __init__.cpython-310.pyc
[1.432s] running install_data
[1.432s] creating /home/ema/SESAR/ros2_ws/install/lab02_pkg/share/ament_index
[1.432s] creating /home/ema/SESAR/ros2_ws/install/lab02_pkg/share/ament_index/resource_index
[1.432s] creating /home/ema/SESAR/ros2_ws/install/lab02_pkg/share/ament_index/resource_index/packages
[1.433s] copying resource/lab02_pkg -> /home/ema/SESAR/ros2_ws/install/lab02_pkg/share/ament_index/resource_index/packages
[1.433s] copying package.xml -> /home/ema/SESAR/ros2_ws/install/lab02_pkg/share/lab02_pkg
[1.433s] running install_egg_info
[1.434s] Copying ../../build/lab02_pkg/lab02_pkg.egg-info to /home/ema/SESAR/ros2_ws/install/lab02_pkg/lib/python3.10/site-packages/lab02_pkg-0.0.0-py3.10.egg-info
[1.434s] running install_scripts
[1.455s] Installing controller script to /home/ema/SESAR/ros2_ws/install/lab02_pkg/lib/lab02_pkg
[1.456s] writing list of installed files to '/home/ema/SESAR/ros2_ws/build/lab02_pkg/install.log'
[1.505s] Invoked command in '/home/ema/SESAR/ros2_ws/src/lab02_pkg' returned '0': PYTHONPATH=/home/ema/SESAR/ros2_ws/build/lab02_pkg/prefix_override:/usr/lib/python3/dist-packages/colcon_core/task/python/colcon_distutils_commands:/home/ema/SESAR/ros2_ws/install/lab02_pkg/lib/python3.10/site-packages:${PYTHONPATH} /usr/bin/python3 -W ignore:setup.py install is deprecated -W ignore:easy_install command is deprecated setup.py egg_info --egg-base ../../build/lab02_pkg build --build-base /home/ema/SESAR/ros2_ws/build/lab02_pkg/build install --record /home/ema/SESAR/ros2_ws/build/lab02_pkg/install.log --single-version-externally-managed install_data
